Archive member included to satisfy reference by file (symbol)

C:/ST/STM32CubeIDE_1.9.0/STM32CubeIDE/plugins/com.st.stm32cube.ide.mcu.externaltools.gnu-tools-for-stm32.12.3.rel1.win32_1.0.200.202406191623/tools/bin/../lib/gcc/arm-none-eabi/12.3.1/../../../../arm-none-eabi/lib/thumb/v7e-m+fp/hard\libc_nano.a(libc_a-atoi.o)
                              ./App/Src/app.o (atoi)
C:/ST/STM32CubeIDE_1.9.0/STM32CubeIDE/plugins/com.st.stm32cube.ide.mcu.externaltools.gnu-tools-for-stm32.12.3.rel1.win32_1.0.200.202406191623/tools/bin/../lib/gcc/arm-none-eabi/12.3.1/../../../../arm-none-eabi/lib/thumb/v7e-m+fp/hard\libc_nano.a(libc_a-exit.o)
                              C:/ST/STM32CubeIDE_1.9.0/STM32CubeIDE/plugins/com.st.stm32cube.ide.mcu.externaltools.gnu-tools-for-stm32.12.3.rel1.win32_1.0.200.202406191623/tools/bin/../lib/gcc/arm-none-eabi/12.3.1/../../../../arm-none-eabi/lib/thumb/v7e-m+fp/hard/crt0.o (exit)
C:/ST/STM32CubeIDE_1.9.0/STM32CubeIDE/plugins/com.st.stm32cube.ide.mcu.externaltools.gnu-tools-for-stm32.12.3.rel1.win32_1.0.200.202406191623/tools/bin/../lib/gcc/arm-none-eabi/12.3.1/../../../../arm-none-eabi/lib/thumb/v7e-m+fp/hard\libc_nano.a(libc_a-strtol.o)
                              C:/ST/STM32CubeIDE_1.9.0/STM32CubeIDE/plugins/com.st.stm32cube.ide.mcu.externaltools.gnu-tools-for-stm32.12.3.rel1.win32_1.0.200.202406191623/tools/bin/../lib/gcc/arm-none-eabi/12.3.1/../../../../arm-none-eabi/lib/thumb/v7e-m+fp/hard\libc_nano.a(libc_a-atoi.o) (_strtol_r)
C:/ST/STM32CubeIDE_1.9.0/STM32CubeIDE/plugins/com.st.stm32cube.ide.mcu.externaltools.gnu-tools-for-stm32.12.3.rel1.win32_1.0.200.202406191623/tools/bin/../lib/gcc/arm-none-eabi/12.3.1/../../../../arm-none-eabi/lib/thumb/v7e-m+fp/hard\libc_nano.a(libc_a-ctype_.o)
                              C:/ST/STM32CubeIDE_1.9.0/STM32CubeIDE/plugins/com.st.stm32cube.ide.mcu.externaltools.gnu-tools-for-stm32.12.3.rel1.win32_1.0.200.202406191623/tools/bin/../lib/gcc/arm-none-eabi/12.3.1/../../../../arm-none-eabi/lib/thumb/v7e-m+fp/hard\libc_nano.a(libc_a-strtol.o) (_ctype_)
C:/ST/STM32CubeIDE_1.9.0/STM32CubeIDE/plugins/com.st.stm32cube.ide.mcu.externaltools.gnu-tools-for-stm32.12.3.rel1.win32_1.0.200.202406191623/tools/bin/../lib/gcc/arm-none-eabi/12.3.1/../../../../arm-none-eabi/lib/thumb/v7e-m+fp/hard\libc_nano.a(libc_a-findfp.o)
                              C:/ST/STM32CubeIDE_1.9.0/STM32CubeIDE/plugins/com.st.stm32cube.ide.mcu.externaltools.gnu-tools-for-stm32.12.3.rel1.win32_1.0.200.202406191623/tools/bin/../lib/gcc/arm-none-eabi/12.3.1/../../../../arm-none-eabi/lib/thumb/v7e-m+fp/hard\libc_nano.a(libc_a-exit.o) (__stdio_exit_handler)
C:/ST/STM32CubeIDE_1.9.0/STM32CubeIDE/plugins/com.st.stm32cube.ide.mcu.externaltools.gnu-tools-for-stm32.12.3.rel1.win32_1.0.200.202406191623/tools/bin/../lib/gcc/arm-none-eabi/12.3.1/../../../../arm-none-eabi/lib/thumb/v7e-m+fp/hard\libc_nano.a(libc_a-fwalk.o)
                              C:/ST/STM32CubeIDE_1.9.0/STM32CubeIDE/plugins/com.st.stm32cube.ide.mcu.externaltools.gnu-tools-for-stm32.12.3.rel1.win32_1.0.200.202406191623/tools/bin/../lib/gcc/arm-none-eabi/12.3.1/../../../../arm-none-eabi/lib/thumb/v7e-m+fp/hard\libc_nano.a(libc_a-findfp.o) (_fwalk_sglue)
C:/ST/STM32CubeIDE_1.9.0/STM32CubeIDE/plugins/com.st.stm32cube.ide.mcu.externaltools.gnu-tools-for-stm32.12.3.rel1.win32_1.0.200.202406191623/tools/bin/../lib/gcc/arm-none-eabi/12.3.1/../../../../arm-none-eabi/lib/thumb/v7e-m+fp/hard\libc_nano.a(libc_a-sprintf.o)
                              ./TextualProtocol/Src/textualProtocol.o (sprintf)
C:/ST/STM32CubeIDE_1.9.0/STM32CubeIDE/plugins/com.st.stm32cube.ide.mcu.externaltools.gnu-tools-for-stm32.12.3.rel1.win32_1.0.200.202406191623/tools/bin/../lib/gcc/arm-none-eabi/12.3.1/../../../../arm-none-eabi/lib/thumb/v7e-m+fp/hard\libc_nano.a(libc_a-stdio.o)
                              C:/ST/STM32CubeIDE_1.9.0/STM32CubeIDE/plugins/com.st.stm32cube.ide.mcu.externaltools.gnu-tools-for-stm32.12.3.rel1.win32_1.0.200.202406191623/tools/bin/../lib/gcc/arm-none-eabi/12.3.1/../../../../arm-none-eabi/lib/thumb/v7e-m+fp/hard\libc_nano.a(libc_a-findfp.o) (__sread)
C:/ST/STM32CubeIDE_1.9.0/STM32CubeIDE/plugins/com.st.stm32cube.ide.mcu.externaltools.gnu-tools-for-stm32.12.3.rel1.win32_1.0.200.202406191623/tools/bin/../lib/gcc/arm-none-eabi/12.3.1/../../../../arm-none-eabi/lib/thumb/v7e-m+fp/hard\libc_nano.a(libc_a-memset.o)
                              C:/ST/STM32CubeIDE_1.9.0/STM32CubeIDE/plugins/com.st.stm32cube.ide.mcu.externaltools.gnu-tools-for-stm32.12.3.rel1.win32_1.0.200.202406191623/tools/bin/../lib/gcc/arm-none-eabi/12.3.1/../../../../arm-none-eabi/lib/thumb/v7e-m+fp/hard/crt0.o (memset)
C:/ST/STM32CubeIDE_1.9.0/STM32CubeIDE/plugins/com.st.stm32cube.ide.mcu.externaltools.gnu-tools-for-stm32.12.3.rel1.win32_1.0.200.202406191623/tools/bin/../lib/gcc/arm-none-eabi/12.3.1/../../../../arm-none-eabi/lib/thumb/v7e-m+fp/hard\libc_nano.a(libc_a-closer.o)
[...]
Memory Configuration

Name             Origin             Length             Attributes
RAM              0x20000000         0x00020000         xrw
FLASH            0x08000000         0x00080000         xr
*default*        0x00000000         0xffffffff

Linker script and memory map

LOAD C:/ST/STM32CubeIDE_1.9.0/STM32CubeIDE/plugins/com.st.stm32cube.ide.mcu.externaltools.gnu-tools-for-stm32.12.3.rel1.win32_1.0.200.202406191623/tools/bin/../lib/gcc/arm-none-eabi/12.3.1/thumb/v7e-m+fp/hard/crti.o
LOAD C:/ST/STM32CubeIDE_1.9.0/STM32CubeIDE/plugins/com.st.stm32cube.ide.mcu.externaltools.gnu-tools-for-stm32.12.3.rel1.win32_1.0.200.202406191623/tools/bin/../lib/gcc/arm-none-eabi/12.3.1/thumb/v7e-m+fp/hard/crtbegin.o
LOAD C:/ST/STM32CubeIDE_1.9.0/STM32CubeIDE/plugins/com.st.stm32cube.ide.mcu.externaltools.gnu-tools-for-stm32.12.3.rel1.win32_1.0.200.202406191623/tools/bin/../lib/gcc/arm-none-eabi/12.3.1/../../../../arm-none-eabi/lib/thumb/v7e-m+fp/hard/crt0.o
LOAD ./App/Src/app.o
LOAD ./App/Src/blinkLed.o
LOAD ./Core/Src/main.o
LOAD ./Core/Src/stm32f4xx_hal_msp.o
LOAD ./Core/Src/stm32f4xx_it.o
LOAD ./Core/Src/syscalls.o
LOAD ./Core/Src/sysmem.o
LOAD ./Core/Src/system_stm32f4xx.o
LOAD ./Core/Startup/startup_stm32f446retx.o
LOAD ./Drivers/STM32F4xx_HAL_Driver/Src/stm32f4xx_hal.o
LOAD ./Drivers/STM32F4xx_HAL_Driver/Src/stm32f4xx_hal_cortex.o
LOAD ./Drivers/STM32F4xx_HAL_Driver/Src/stm32f4xx_hal_dma.o
LOAD ./Drivers/STM32F4xx_HAL_Driver/Src/stm32f4xx_hal_dma_ex.o
LOAD ./Drivers/STM32F4xx_HAL_Driver/Src/stm32f4xx_hal_exti.o
LOAD ./Drivers/STM32F4xx_HAL_Driver/Src/stm32f4xx_hal_flash.o
LOAD ./Drivers/STM32F4xx_HAL_Driver/Src/stm32f4xx_hal_flash_ex.o
LOAD ./Drivers/STM32F4xx_HAL_Driver/Src/stm32f4xx_hal_flash_ramfunc.o
LOAD ./Drivers/STM32F4xx_HAL_Driver/Src/stm32f4xx_hal_gpio.o
LOAD ./Drivers/STM32F4xx_HAL_Driver/Src/stm32f4xx_hal_pwr.o
LOAD ./Drivers/STM32F4xx_HAL_Driver/Src/stm32f4xx_hal_pwr_ex.o
LOAD ./Drivers/STM32F4xx_HAL_Driver/Src/stm32f4xx_hal_rcc.o
LOAD ./Drivers/STM32F4xx_HAL_Driver/Src/stm32f4xx_hal_rcc_ex.o
LOAD ./Drivers/STM32F4xx_HAL_Driver/Src/stm32f4xx_hal_tim.o
LOAD ./Drivers/STM32F4xx_HAL_Driver/Src/stm32f4xx_hal_tim_ex.o
LOAD ./Drivers/STM32F4xx_HAL_Driver/Src/stm32f4xx_hal_uart.o
LOAD ./TextualProtocol/Src/textualProtocol.o
START GROUP
LOAD C:/ST/STM32CubeIDE_1.9.0/STM32CubeIDE/plugins/com.st.stm32cube.ide.mcu.externaltools.gnu-tools-for-stm32.12.3.rel1.win32_1.0.200.202406191623/tools/bin/../lib/gcc/arm-none-eabi/12.3.1/../../../../arm-none-eabi/lib/thumb/v7e-m+fp/hard\libc_nano.a
LOAD C:/ST/STM32CubeIDE_1.9.0/STM32CubeIDE/plugins/com.st.stm32cube.ide.mcu.externaltools.gnu-tools-for-stm32.12.3.rel1.win32_1.0.200.202406191623/tools/bin/../lib/gcc/arm-none-eabi/12.3.1/../../../../arm-none-eabi/lib/thumb/v7e-m+fp/hard\libm.a
END GROUP
START GROUP
LOAD C:/ST/STM32CubeIDE_1.9.0/STM32CubeIDE/plugins/com.st.stm32cube.ide.mcu.externaltools.gnu-tools-for-stm32.12.3.rel1.win32_1.0.200.202406191623/tools/bin/../lib/gcc/arm-none-eabi/12.3.1/thumb/v7e-m+fp/hard\libgcc.a
LOAD C:/ST/STM32CubeIDE_1.9.0/STM32CubeIDE/plugins/com.st.stm32cube.ide.mcu.externaltools.gnu-tools-for-stm32.12.3.rel1.win32_1.0.200.202406191623/tools/bin/../lib/gcc/arm-none-eabi/12.3.1/../../../../arm-none-eabi/lib/thumb/v7e-m+fp/hard\libc_nano.a
END GROUP
START GROUP
LOAD C:/ST/STM32CubeIDE_1.9.0/STM32CubeIDE/plugins/com.st.stm32cube.ide.mcu.externaltools.gnu-tools-for-stm32.12.3.rel1.win32_1.0.200.202406191623/tools/bin/../lib/gcc/arm-none-eabi/12.3.1/thumb/v7e-m+fp/hard\libgcc.a
LOAD C:/ST/STM32CubeIDE_1.9.0/STM32CubeIDE/plugins/com.st.stm32cube.ide.mcu.externaltools.gnu-tools-for-stm32.12.3.rel1.win32_1.0.200.202406191623/tools/bin/../lib/gcc/arm-none-eabi/12.3.1/../../../../arm-none-eabi/lib/thumb/v7e-m+fp/hard\libc_nano.a
LOAD C:/ST/STM32CubeIDE_1.9.0/STM32CubeIDE/plugins/com.st.stm32cube.ide.mcu.externaltools.gnu-tools-for-stm32.12.3.rel1.win32_1.0.200.202406191623/tools/bin/../lib/gcc/arm-none-eabi/12.3.1/../../../../arm-none-eabi/lib/thumb/v7e-m+fp/hard\libnosys.a
END GROUP
START GROUP
LOAD C:/ST/STM32CubeIDE_1.9.0/STM32CubeIDE/plugins/com.st.stm32cube.ide.mcu.externaltools.gnu-tools-for-stm32.12.3.rel1.win32_1.0.200.202406191623/tools/bin/../lib/gcc/arm-none-eabi/12.3.1/thumb/v7e-m+fp/hard\libgcc.a
LOAD C:/ST/STM32CubeIDE_1.9.0/STM32CubeIDE/plugins/com.st.stm32cube.ide.mcu.externaltools.gnu-tools-for-stm32.12.3.rel1.win32_1.0.200.202406191623/tools/bin/../lib/gcc/arm-none-eabi/12.3.1/../../../../arm-none-eabi/lib/thumb/v7e-m+fp/hard\libc_nano.a
LOAD C:/ST/STM32CubeIDE_1.9.0/STM32CubeIDE/plugins/com.st.stm32cube.ide.mcu.externaltools.gnu-tools-for-stm32.12.3.rel1.win32_1.0.200.202406191623/tools/bin/../lib/gcc/arm-none-eabi/12.3.1/../../../../arm-none-eabi/lib/thumb/v7e-m+fp/hard\libnosys.a
END GROUP
LOAD C:/ST/STM32CubeIDE_1.9.0/STM32CubeIDE/plugins/com.st.stm32cube.ide.mcu.externaltools.gnu-tools-for-stm32.12.3.rel1.win32_1.0.200.202406191623/tools/bin/../lib/gcc/arm-none-eabi/12.3.1/thumb/v7e-m+fp/hard/crtend.o
LOAD C:/ST/STM32CubeIDE_1.9.0/STM32CubeIDE/plugins/com.st.stm32cube.ide.mcu.externaltools.gnu-tools-for-stm32.12.3.rel1.win32_1.0.200.202406191623/tools/bin/../lib/gcc/arm-none-eabi/12.3.1/thumb/v7e-m+fp/hard/crtn.o
                0x20020000                        _estack = (ORIGIN (RAM) + LENGTH (RAM))
                0x00000200                        _Min_Heap_Size = 0x200
                0x00000400                        _Min_Stack_Size = 0x400

.isr_vector     0x08000000      0x1c4
                0x08000000                        . = ALIGN (0x4)
 *(.isr_vector)
 .isr_vector    0x08000000      0x1c4 ./Core/Startup/startup_stm32f446retx.o
                0x08000000                g_pfnVectors
                0x080001c4                        . = ALIGN (0x4)

.text           0x080001c4     0x42f8
                0x080001c4                        . = ALIGN (0x4)
 *(.text)
 .text          0x080001c4       0x40 C:/ST/STM32CubeIDE_1.9.0/STM32CubeIDE/plugins/com.st.stm32cube.ide.mcu.externaltools.gnu-tools-for-stm32.12.3.rel1.win32_1.0.200.202406191623/tools/bin/../lib/gcc/arm-none-eabi/12.3.1/thumb/v7e-m+fp/hard/crtbegin.o
 .text          0x08000204       0x10 C:/ST/STM32CubeIDE_1.9.0/STM32CubeIDE/plugins/com.st.stm32cube.ide.mcu.externaltools.gnu-tools-for-stm32.12.3.rel1.win32_1.0.200.202406191623/tools/bin/../lib/gcc/arm-none-eabi/12.3.1/../../../../arm-none-eabi/lib/thumb/v7e-m+fp/hard\libc_nano.a(libc_a-strlen.o)
                0x08000204                strlen
 .text          0x08000214       0x30 C:/ST/STM32CubeIDE_1.9.0/STM32CubeIDE/plugins/com.st.stm32cube.ide.mcu.externaltools.gnu-tools-for-stm32.12.3.rel1.win32_1.0.200.202406191623/tools/bin/../lib/gcc/arm-none-eabi/12.3.1/thumb/v7e-m+fp/hard\libgcc.a(_aeabi_uldivmod.o)
                0x08000214                __aeabi_uldivmod
 .text          0x08000244      0x2bc C:/ST/STM32CubeIDE_1.9.0/STM32CubeIDE/plugins/com.st.stm32cube.ide.mcu.externaltools.gnu-tools-for-stm32.12.3.rel1.win32_1.0.200.202406191623/tools/bin/../lib/gcc/arm-none-eabi/12.3.1/thumb/v7e-m+fp/hard\libgcc.a(_udivmoddi4.o)
                0x08000244                __udivmoddi4
 .text          0x08000500        0x4 C:/ST/STM32CubeIDE_1.9.0/STM32CubeIDE/plugins/com.st.stm32cube.ide.mcu.externaltools.gnu-tools-for-stm32.12.3.rel1.win32_1.0.200.202406191623/tools/bin/../lib/gcc/arm-none-eabi/12.3.1/thumb/v7e-m+fp/hard\libgcc.a(_dvmd_tls.o)
                0x08000500                __aeabi_idiv0
                0x08000500                __aeabi_ldiv0
 *(.text*)
 .text.appInit  0x08000504       0x4c ./App/Src/app.o
                0x08000504                appInit
 .text.appExecuteBlinkLed
                0x08000550       0x18 ./App/Src/app.o
                0x08000550                appExecuteBlinkLed
 .text.appAppendTpByte
                0x08000568       0x22 ./App/Src/app.o
                0x08000568                appAppendTpByte
 .text.appExtractTpData
                0x0800058a       0x1a ./App/Src/app.o
                0x0800058a                appExtractTpData
 .text.appDecodeExtractedTpCommand
                0x080005a4       0x1a ./App/Src/app.o
                0x080005a4                appDecodeExtractedTpCommand
 .text.appExecuteReceivedCommandRoutine
                0x080005be       0xfa ./App/Src/app.o
                0x080005be                appExecuteReceivedCommandRoutine
 .text.appGetBlinkDelay
                0x080006b8       0x1a ./App/Src/app.o
                0x080006b8                appGetBlinkDelay
 .text.appGetTpEchoEnable
                0x080006d2       0x1c ./App/Src/app.o
                0x080006d2                appGetTpEchoEnable
 .text.appGetCommandStatus
                0x080006ee       0x1c ./App/Src/app.o
                0x080006ee                appGetCommandStatus
 .text.blinkLedInit
                0x0800070a       0x50 ./App/Src/blinkLed.o
                0x0800070a                blinkLedInit
 *fill*         0x0800075a        0x2 
 .text.blinkLedExecuteBlink
                0x0800075c      0x26c ./App/Src/blinkLed.o
                0x0800075c                blinkLedExecuteBlink
 .text.blinkLedGetBlinkDelay
                0x080009c8       0x18 ./App/Src/blinkLed.o
                0x080009c8                blinkLedGetBlinkDelay
 .text.blinkLedSetBlinkDelay
                0x080009e0       0x1c ./App/Src/blinkLed.o
                0x080009e0                blinkLedSetBlinkDelay
 .text.blinkLedGetCounter
                0x080009fc       0x18 ./App/Src/blinkLed.o
                0x080009fc                blinkLedGetCounter
 .text.blinkLedSetCounter
                0x08000a14       0x1e ./App/Src/blinkLed.o
                0x08000a14                blinkLedSetCounter
 .text.blinkLedGetBlinkPattern
                0x08000a32       0x18 ./App/Src/blinkLed.o
                0x08000a32                blinkLedGetBlinkPattern
 .text.blinkLedSetBlinkPattern
                0x08000a4a       0x22 ./App/Src/blinkLed.o
                0x08000a4a                blinkLedSetBlinkPattern
 .text.HAL_TIM_PeriodElapsedCallback
                0x08000a6c       0x40 ./Core/Src/main.o
                0x08000a6c                HAL_TIM_PeriodElapsedCallback
 .text.HAL_UART_RxCpltCallback
                0x08000aac       0x5c ./Core/Src/main.o
                0x08000aac                HAL_UART_RxCpltCallback
 .text.main     0x08000b08      0x118 ./Core/Src/main.o
                0x08000b08                main
 .text.SystemClock_Config
                0x08000c20       0xe4 ./Core/Src/main.o
                0x08000c20                SystemClock_Config
 .text.MX_TIM9_Init
                0x08000d04       0x74 ./Core/Src/main.o
 .text.MX_USART2_UART_Init
                0x08000d78       0x54 ./Core/Src/main.o
 .text.MX_GPIO_Init
                0x08000dcc       0xa4 ./Core/Src/main.o
 .text.Error_Handler
                0x08000e70        0xc ./Core/Src/main.o
                0x08000e70                Error_Handler
 .text.HAL_MspInit
                0x08000e7c       0x50 ./Core/Src/stm32f4xx_hal_msp.o
                0x08000e7c                HAL_MspInit
 .text.HAL_TIM_Base_MspInit
                0x08000ecc       0x50 ./Core/Src/stm32f4xx_hal_msp.o
                0x08000ecc                HAL_TIM_Base_MspInit
 .text.HAL_UART_MspInit
                0x08000f1c       0xa0 ./Core/Src/stm32f4xx_hal_msp.o
                0x08000f1c                HAL_UART_MspInit
 .text.NMI_Handler
                0x08000fbc        0x8 ./Core/Src/stm32f4xx_it.o
                0x08000fbc                NMI_Handler
 .text.HardFault_Handler
                0x08000fc4        0x8 ./Core/Src/stm32f4xx_it.o
                0x08000fc4                HardFault_Handler
 .text.MemManage_Handler
                0x08000fcc        0x8 ./Core/Src/stm32f4xx_it.o
                0x08000fcc                MemManage_Handler
 .text.BusFault_Handler
                0x08000fd4        0x8 ./Core/Src/stm32f4xx_it.o
                0x08000fd4                BusFault_Handler
 .text.UsageFault_Handler
                0x08000fdc        0x8 ./Core/Src/stm32f4xx_it.o
                0x08000fdc                UsageFault_Handler
 .text.SVC_Handler
                0x08000fe4        0xe ./Core/Src/stm32f4xx_it.o
                0x08000fe4                SVC_Handler
 .text.DebugMon_Handler
                0x08000ff2        0xe ./Core/Src/stm32f4xx_it.o
                0x08000ff2                DebugMon_Handler
 .text.PendSV_Handler
                0x08001000        0xe ./Core/Src/stm32f4xx_it.o
                0x08001000                PendSV_Handler
 .text.SysTick_Handler
                0x0800100e        0xc ./Core/Src/stm32f4xx_it.o
                0x0800100e                SysTick_Handler
 *fill*         0x0800101a        0x2 
 .text.TIM1_BRK_TIM9_IRQHandler
                0x0800101c       0x14 ./Core/Src/stm32f4xx_it.o
                0x0800101c                TIM1_BRK_TIM9_IRQHandler
 .text.USART2_IRQHandler
                0x08001030       0x14 ./Core/Src/stm32f4xx_it.o
                0x08001030                USART2_IRQHandler
 .text.SystemInit
                0x08001044       0x24 ./Core/Src/system_stm32f4xx.o
                0x08001044                SystemInit
 .text.Reset_Handler
                0x08001068       0x50 ./Core/Startup/startup_stm32f446retx.o
                0x08001068                Reset_Handler
 .text.Default_Handler
                0x080010b8        0x2 ./Core/Startup/startup_stm32f446retx.o
                0x080010b8                RTC_Alarm_IRQHandler
                0x080010b8                EXTI2_IRQHandler
                0x080010b8                TIM8_CC_IRQHandler
                0x080010b8                FMPI2C1_EV_IRQHandler
                0x080010b8                SPI4_IRQHandler
                0x080010b8                TIM1_CC_IRQHandler
                0x080010b8                DMA2_Stream5_IRQHandler
                0x080010b8                DMA1_Stream5_IRQHandler
                0x080010b8                PVD_IRQHandler
                0x080010b8                SDIO_IRQHandler
                0x080010b8                TAMP_STAMP_IRQHandler
                0x080010b8                CAN2_RX1_IRQHandler
                0x080010b8                EXTI3_IRQHandler
                0x080010b8                TIM8_TRG_COM_TIM14_IRQHandler
                0x080010b8                TIM1_UP_TIM10_IRQHandler
                0x080010b8                TIM8_UP_TIM13_IRQHandler
                0x080010b8                I2C3_ER_IRQHandler
                0x080010b8                EXTI0_IRQHandler
                0x080010b8                I2C2_EV_IRQHandler
                0x080010b8                DMA1_Stream2_IRQHandler
                0x080010b8                CAN1_RX0_IRQHandler
                0x080010b8                FPU_IRQHandler
                0x080010b8                OTG_HS_WKUP_IRQHandler
                0x080010b8                CAN2_SCE_IRQHandler
                0x080010b8                DMA2_Stream2_IRQHandler
                0x080010b8                SPI1_IRQHandler
                0x080010b8                TIM6_DAC_IRQHandler
                0x080010b8                DCMI_IRQHandler
                0x080010b8                CAN2_RX0_IRQHandler
                0x080010b8                DMA2_Stream3_IRQHandler
                0x080010b8                SAI2_IRQHandler
                0x080010b8                USART6_IRQHandler
                0x080010b8                USART3_IRQHandler
                0x080010b8                CAN1_RX1_IRQHandler
                0x080010b8                UART5_IRQHandler
                0x080010b8                DMA2_Stream0_IRQHandler
                0x080010b8                TIM4_IRQHandler
                0x080010b8                QUADSPI_IRQHandler
                0x080010b8                I2C1_EV_IRQHandler
                0x080010b8                DMA1_Stream6_IRQHandler
                0x080010b8                DMA1_Stream1_IRQHandler
                0x080010b8                UART4_IRQHandler
                0x080010b8                TIM3_IRQHandler
                0x080010b8                RCC_IRQHandler
                0x080010b8                TIM8_BRK_TIM12_IRQHandler
                0x080010b8                Default_Handler
                0x080010b8                CEC_IRQHandler
                0x080010b8                EXTI15_10_IRQHandler
                0x080010b8                ADC_IRQHandler
                0x080010b8                DMA1_Stream7_IRQHandler
                0x080010b8                TIM7_IRQHandler
                0x080010b8                CAN2_TX_IRQHandler
                0x080010b8                TIM5_IRQHandler
                0x080010b8                DMA2_Stream7_IRQHandler
                0x080010b8                I2C3_EV_IRQHandler
                0x080010b8                EXTI9_5_IRQHandler
                0x080010b8                RTC_WKUP_IRQHandler
                0x080010b8                SPDIF_RX_IRQHandler
                0x080010b8                SPI2_IRQHandler
                0x080010b8                OTG_HS_EP1_IN_IRQHandler
                0x080010b8                DMA1_Stream0_IRQHandler
                0x080010b8                CAN1_TX_IRQHandler
                0x080010b8                FMPI2C1_ER_IRQHandler
                0x080010b8                EXTI4_IRQHandler
                0x080010b8                OTG_HS_EP1_OUT_IRQHandler
                0x080010b8                WWDG_IRQHandler
                0x080010b8                TIM2_IRQHandler
                0x080010b8                OTG_FS_WKUP_IRQHandler
                0x080010b8                TIM1_TRG_COM_TIM11_IRQHandler
                0x080010b8                OTG_HS_IRQHandler
                0x080010b8                EXTI1_IRQHandler
                0x080010b8                I2C2_ER_IRQHandler
                0x080010b8                DMA2_Stream1_IRQHandler
                0x080010b8                CAN1_SCE_IRQHandler
                0x080010b8                FLASH_IRQHandler
                0x080010b8                DMA2_Stream4_IRQHandler
                0x080010b8                USART1_IRQHandler
                0x080010b8                OTG_FS_IRQHandler
                0x080010b8                SPI3_IRQHandler
                0x080010b8                DMA1_Stream4_IRQHandler
                0x080010b8                I2C1_ER_IRQHandler
                0x080010b8                FMC_IRQHandler
                0x080010b8                DMA2_Stream6_IRQHandler
                0x080010b8                SAI1_IRQHandler
                0x080010b8                DMA1_Stream3_IRQHandler
 *fill*         0x080010ba        0x2 
 .text.HAL_Init
                0x080010bc       0x44 ./Drivers/STM32F4xx_HAL_Driver/Src/stm32f4xx_hal.o
                0x080010bc                HAL_Init
 .text.HAL_InitTick
                0x08001100       0x60 ./Drivers/STM32F4xx_HAL_Driver/Src/stm32f4xx_hal.o
                0x08001100                HAL_InitTick
 .text.HAL_IncTick
                0x08001160       0x28 ./Drivers/STM32F4xx_HAL_Driver/Src/stm32f4xx_hal.o
                0x08001160                HAL_IncTick
 .text.HAL_GetTick
                0x08001188       0x18 ./Drivers/STM32F4xx_HAL_Driver/Src/stm32f4xx_hal.o
                0x08001188                HAL_GetTick
 .text.__NVIC_SetPriorityGrouping
                0x080011a0       0x48 ./Drivers/STM32F4xx_HAL_Driver/Src/stm32f4xx_hal_cortex.o
 .text.__NVIC_GetPriorityGrouping
                0x080011e8       0x1c ./Drivers/STM32F4xx_HAL_Driver/Src/stm32f4xx_hal_cortex.o
 .text.__NVIC_EnableIRQ
                0x08001204       0x3c ./Drivers/STM32F4xx_HAL_Driver/Src/stm32f4xx_hal_cortex.o
 .text.__NVIC_SetPriority
                0x08001240       0x54 ./Drivers/STM32F4xx_HAL_Driver/Src/stm32f4xx_hal_cortex.o
 .text.NVIC_EncodePriority
                0x08001294       0x66 ./Drivers/STM32F4xx_HAL_Driver/Src/stm32f4xx_hal_cortex.o
 *fill*         0x080012fa        0x2 
 .text.SysTick_Config
                0x080012fc       0x44 ./Drivers/STM32F4xx_HAL_Driver/Src/stm32f4xx_hal_cortex.o
 .text.HAL_NVIC_SetPriorityGrouping
                0x08001340       0x16 ./Drivers/STM32F4xx_HAL_Driver/Src/stm32f4xx_hal_cortex.o
                0x08001340                HAL_NVIC_SetPriorityGrouping
 .text.HAL_NVIC_SetPriority
                0x08001356       0x38 ./Drivers/STM32F4xx_HAL_Driver/Src/stm32f4xx_hal_cortex.o
                0x08001356                HAL_NVIC_SetPriority
 .text.HAL_NVIC_EnableIRQ
                0x0800138e       0x1c ./Drivers/STM32F4xx_HAL_Driver/Src/stm32f4xx_hal_cortex.o
                0x0800138e                HAL_NVIC_EnableIRQ
 .text.HAL_SYSTICK_Config
                0x080013aa       0x18 ./Drivers/STM32F4xx_HAL_Driver/Src/stm32f4xx_hal_cortex.o
                0x080013aa                HAL_SYSTICK_Config
 .text.HAL_DMA_Abort
                0x080013c2       0xe0 ./Drivers/STM32F4xx_HAL_Driver/Src/stm32f4xx_hal_dma.o
                0x080013c2                HAL_DMA_Abort
 .text.HAL_DMA_Abort_IT
                0x080014a2       0x44 ./Drivers/STM32F4xx_HAL_Driver/Src/stm32f4xx_hal_dma.o
                0x080014a2                HAL_DMA_Abort_IT
 *fill*         0x080014e6        0x2 
 .text.HAL_GPIO_Init
                0x080014e8      0x328 ./Drivers/STM32F4xx_HAL_Driver/Src/stm32f4xx_hal_gpio.o
                0x080014e8                HAL_GPIO_Init
 .text.HAL_GPIO_WritePin
                0x08001810       0x32 ./Drivers/STM32F4xx_HAL_Driver/Src/stm32f4xx_hal_gpio.o
                0x08001810                HAL_GPIO_WritePin
 .text.HAL_GPIO_TogglePin
                0x08001842       0x34 ./Drivers/STM32F4xx_HAL_Driver/Src/stm32f4xx_hal_gpio.o
                0x08001842                HAL_GPIO_TogglePin
 *fill*         0x08001876        0x2 
 .text.HAL_PWREx_EnableOverDrive
                0x08001878       0xa0 ./Drivers/STM32F4xx_HAL_Driver/Src/stm32f4xx_hal_pwr_ex.o
                0x08001878                HAL_PWREx_EnableOverDrive
 .text.HAL_RCC_ClockConfig
                0x08001918      0x1cc ./Drivers/STM32F4xx_HAL_Driver/Src/stm32f4xx_hal_rcc.o
                0x08001918                HAL_RCC_ClockConfig
 .text.HAL_RCC_GetHCLKFreq
                0x08001ae4       0x18 ./Drivers/STM32F4xx_HAL_Driver/Src/stm32f4xx_hal_rcc.o
                0x08001ae4                HAL_RCC_GetHCLKFreq
 .text.HAL_RCC_GetPCLK1Freq
                0x08001afc       0x28 ./Drivers/STM32F4xx_HAL_Driver/Src/stm32f4xx_hal_rcc.o
                0x08001afc                HAL_RCC_GetPCLK1Freq
 .text.HAL_RCC_GetPCLK2Freq
                0x08001b24       0x28 ./Drivers/STM32F4xx_HAL_Driver/Src/stm32f4xx_hal_rcc.o
                0x08001b24                HAL_RCC_GetPCLK2Freq
 .text.HAL_RCC_GetSysClockFreq
                0x08001b4c      0x354 ./Drivers/STM32F4xx_HAL_Driver/Src/stm32f4xx_hal_rcc_ex.o
                0x08001b4c                HAL_RCC_GetSysClockFreq
 .text.HAL_RCC_OscConfig
                0x08001ea0      0x53c ./Drivers/STM32F4xx_HAL_Driver/Src/stm32f4xx_hal_rcc_ex.o
                0x08001ea0                HAL_RCC_OscConfig
 .text.HAL_TIM_Base_Init
                0x080023dc       0x9e ./Drivers/STM32F4xx_HAL_Driver/Src/stm32f4xx_hal_tim.o
                0x080023dc                HAL_TIM_Base_Init
 *fill*         0x0800247a        0x2 
 .text.HAL_TIM_Base_Start_IT
                0x0800247c       0xe0 ./Drivers/STM32F4xx_HAL_Driver/Src/stm32f4xx_hal_tim.o
                0x0800247c                HAL_TIM_Base_Start_IT
 .text.HAL_TIM_IRQHandler
                0x0800255c      0x1e0 ./Drivers/STM32F4xx_HAL_Driver/Src/stm32f4xx_hal_tim.o
                0x0800255c                HAL_TIM_IRQHandler
 .text.HAL_TIM_ConfigClockSource
                0x0800273c      0x18e ./Drivers/STM32F4xx_HAL_Driver/Src/stm32f4xx_hal_tim.o
                0x0800273c                HAL_TIM_ConfigClockSource
 .text.HAL_TIM_OC_DelayElapsedCallback
                0x080028ca       0x14 ./Drivers/STM32F4xx_HAL_Driver/Src/stm32f4xx_hal_tim.o
                0x080028ca                HAL_TIM_OC_DelayElapsedCallback
 .text.HAL_TIM_IC_CaptureCallback
                0x080028de       0x14 ./Drivers/STM32F4xx_HAL_Driver/Src/stm32f4xx_hal_tim.o
                0x080028de                HAL_TIM_IC_CaptureCallback
 .text.HAL_TIM_PWM_PulseFinishedCallback
                0x080028f2       0x14 ./Drivers/STM32F4xx_HAL_Driver/Src/stm32f4xx_hal_tim.o
                0x080028f2                HAL_TIM_PWM_PulseFinishedCallback
 .text.HAL_TIM_TriggerCallback
                0x08002906       0x14 ./Drivers/STM32F4xx_HAL_Driver/Src/stm32f4xx_hal_tim.o
                0x08002906                HAL_TIM_TriggerCallback
 *fill*         0x0800291a        0x2 
 .text.TIM_Base_SetConfig
                0x0800291c      0x158 ./Drivers/STM32F4xx_HAL_Driver/Src/stm32f4xx_hal_tim.o
                0x0800291c                TIM_Base_SetConfig
 .text.TIM_TI1_ConfigInputStage
                0x08002a74       0x5e ./Drivers/STM32F4xx_HAL_Driver/Src/stm32f4xx_hal_tim.o
 .text.TIM_TI2_ConfigInputStage
                0x08002ad2       0x60 ./Drivers/STM32F4xx_HAL_Driver/Src/stm32f4xx_hal_tim.o
 .text.TIM_ITRx_SetConfig
                0x08002b32       0x36 ./Drivers/STM32F4xx_HAL_Driver/Src/stm32f4xx_hal_tim.o
 .text.TIM_ETR_SetConfig
                0x08002b68       0x40 ./Drivers/STM32F4xx_HAL_Driver/Src/stm32f4xx_hal_tim.o
                0x08002b68                TIM_ETR_SetConfig
 .text.HAL_TIMEx_CommutCallback
                0x08002ba8       0x14 ./Drivers/STM32F4xx_HAL_Driver/Src/stm32f4xx_hal_tim_ex.o
                0x08002ba8                HAL_TIMEx_CommutCallback
 .text.HAL_TIMEx_BreakCallback
                0x08002bbc       0x14 ./Drivers/STM32F4xx_HAL_Driver/Src/stm32f4xx_hal_tim_ex.o
                0x08002bbc                HAL_TIMEx_BreakCallback
 .text.HAL_UART_Init
                0x08002bd0       0xa0 ./Drivers/STM32F4xx_HAL_Driver/Src/stm32f4xx_hal_uart.o
                0x08002bd0                HAL_UART_Init
 .text.HAL_UART_Transmit
                0x08002c70      0x116 ./Drivers/STM32F4xx_HAL_Driver/Src/stm32f4xx_hal_uart.o
                0x08002c70                HAL_UART_Transmit
 .text.HAL_UART_Receive_IT
                0x08002d86       0x4a ./Drivers/STM32F4xx_HAL_Driver/Src/stm32f4xx_hal_uart.o
                0x08002d86                HAL_UART_Receive_IT
 .text.HAL_UART_IRQHandler
                0x08002dd0      0x524 ./Drivers/STM32F4xx_HAL_Driver/Src/stm32f4xx_hal_uart.o
                0x08002dd0                HAL_UART_IRQHandler
 .text.HAL_UART_TxCpltCallback
                0x080032f4       0x14 ./Drivers/STM32F4xx_HAL_Driver/Src/stm32f4xx_hal_uart.o
                0x080032f4                HAL_UART_TxCpltCallback
 .text.HAL_UART_ErrorCallback
                0x08003308       0x14 ./Drivers/STM32F4xx_HAL_Driver/Src/stm32f4xx_hal_uart.o
                0x08003308                HAL_UART_ErrorCallback
 .text.HAL_UARTEx_RxEventCallback
                0x0800331c       0x18 ./Drivers/STM32F4xx_HAL_Driver/Src/stm32f4xx_hal_uart.o
                0x0800331c                HAL_UARTEx_RxEventCallback
 .text.UART_WaitOnFlagUntilTimeout
                0x08003334       0xb2 ./Drivers/STM32F4xx_HAL_Driver/Src/stm32f4xx_hal_uart.o
 .text.UART_Start_Receive_IT
                0x080033e6       0x74 ./Drivers/STM32F4xx_HAL_Driver/Src/stm32f4xx_hal_uart.o
                0x080033e6                UART_Start_Receive_IT
 .text.UART_EndRxTransfer
                0x0800345a       0xc6 ./Drivers/STM32F4xx_HAL_Driver/Src/stm32f4xx_hal_uart.o
 .text.UART_DMAAbortOnError
                0x08003520       0x28 ./Drivers/STM32F4xx_HAL_Driver/Src/stm32f4xx_hal_uart.o
 .text.UART_Transmit_IT
                0x08003548       0xa0 ./Drivers/STM32F4xx_HAL_Driver/Src/stm32f4xx_hal_uart.o
 .text.UART_EndTransmit_IT
                0x080035e8       0x30 ./Drivers/STM32F4xx_HAL_Driver/Src/stm32f4xx_hal_uart.o
 .text.UART_Receive_IT
                0x08003618      0x17c ./Drivers/STM32F4xx_HAL_Driver/Src/stm32f4xx_hal_uart.o
 .text.UART_SetConfig
                0x08003794      0x4e8 ./Drivers/STM32F4xx_HAL_Driver/Src/stm32f4xx_hal_uart.o
 .text.textualProtocolInit
                0x08003c7c       0x4e ./TextualProtocol/Src/textualProtocol.o
                0x08003c7c                textualProtocolInit
 .text.textualProtocolAppendByte
                0x08003cca       0xa6 ./TextualProtocol/Src/textualProtocol.o
                0x08003cca                textualProtocolAppendByte
 .text.textualProtocolClear
                0x08003d70      0x1bc ./TextualProtocol/Src/textualProtocol.o
                0x08003d70                textualProtocolClear
 .text.textualProtocolSendStatusMessage
                0x08003f2c       0x98 ./TextualProtocol/Src/textualProtocol.o
                0x08003f2c                textualProtocolSendStatusMessage
 .text.textualProtocolSendNewLine
                0x08003fc4       0x28 ./TextualProtocol/Src/textualProtocol.o
                0x08003fc4                textualProtocolSendNewLine
 .text.textualProtocolExtractData
                0x08003fec       0x5c ./TextualProtocol/Src/textualProtocol.o
                0x08003fec                textualProtocolExtractData
 .text.textualProtocolExtractCommand
                0x08004048       0xac ./TextualProtocol/Src/textualProtocol.o
                0x08004048                textualProtocolExtractCommand
 .text.textualProtocolDecodeExtractedCommand
                0x080040f4       0xcc ./TextualProtocol/Src/textualProtocol.o
                0x080040f4                textualProtocolDecodeExtractedCommand
 .text.textualProtocolFindDelimiters
                0x080041c0       0x64 ./TextualProtocol/Src/textualProtocol.o
                0x080041c0                textualProtocolFindDelimiters
 .text.textualProtocolExtractValues
                0x08004224       0x88 ./TextualProtocol/Src/textualProtocol.o
                0x08004224                textualProtocolExtractValues
 .text.textualProtocolGetEchoEnable
                0x080042ac       0x18 ./TextualProtocol/Src/textualProtocol.o
                0x080042ac                textualProtocolGetEchoEnable
 .text.textualProtocalSetEchoEnable
                0x080042c4       0x1e ./TextualProtocol/Src/textualProtocol.o
                0x080042c4                textualProtocalSetEchoEnable
 .text.textualProtocolGetCommandStatus
                0x080042e2       0x1a ./TextualProtocol/Src/textualProtocol.o
                0x080042e2                textualProtocolGetCommandStatus
 .text.textualProtocolGetDecodedCommand
                0x080042fc       0x18 ./TextualProtocol/Src/textualProtocol.o
                0x080042fc                textualProtocolGetDecodedCommand
 .text.atoi     0x08004314        0x8 C:/ST/STM32CubeIDE_1.9.0/STM32CubeIDE/plugins/com.st.stm32cube.ide.mcu.externaltools.gnu-tools-for-stm32.12.3.rel1.win32_1.0.200.202406191623/tools/bin/../lib/gcc/arm-none-eabi/12.3.1/../../../../arm-none-eabi/lib/thumb/v7e-m+fp/hard\libc_nano.a(libc_a-atoi.o)
                0x08004314                atoi
 .text._strtol_l.constprop.0
                0x0800431c       0xf4 C:/ST/STM32CubeIDE_1.9.0/STM32CubeIDE/plugins/com.st.stm32cube.ide.mcu.externaltools.gnu-tools-for-stm32.12.3.rel1.win32_1.0.200.202406191623/tools/bin/../lib/gcc/arm-none-eabi/12.3.1/../../../../arm-none-eabi/lib/thumb/v7e-m+fp/hard\libc_nano.a(libc_a-strtol.o)
 .text.strtol   0x08004410       0x14 C:/ST/STM32CubeIDE_1.9.0/STM32CubeIDE/plugins/com.st.stm32cube.ide.mcu.externaltools.gnu-tools-for-stm32.12.3.rel1.win32_1.0.200.202406191623/tools/bin/../lib/gcc/arm-none-eabi/12.3.1/../../../../arm-none-eabi/lib/thumb/v7e-m+fp/hard\libc_nano.a(libc_a-strtol.o)
                0x08004410                strtol
 .text.memset   0x08004424       0x10 C:/ST/STM32CubeIDE_1.9.0/STM32CubeIDE/plugins/com.st.stm32cube.ide.mcu.externaltools.gnu-tools-for-stm32.12.3.rel1.win32_1.0.200.202406191623/tools/bin/../lib/gcc/arm-none-eabi/12.3.1/../../../../arm-none-eabi/lib/thumb/v7e-m+fp/hard\libc_nano.a(libc_a-memset.o)
                0x08004424                memset
 .text.__errno  0x08004434        0xc C:/ST/STM32CubeIDE_1.9.0/STM32CubeIDE/plugins/com.st.stm32cube.ide.mcu.externaltools.gnu-tools-for-stm32.12.3.rel1.win32_1.0.200.202406191623/tools/bin/../lib/gcc/arm-none-eabi/12.3.1/../../../../arm-none-eabi/lib/thumb/v7e-m+fp/hard\libc_nano.a(libc_a-errno.o)
                0x08004434                __errno
 .text.__libc_init_array
                0x08004440       0x48 C:/ST/STM32CubeIDE_1.9.0/STM32CubeIDE/plugins/com.st.stm32cube.ide.mcu.externaltools.gnu-tools-for-stm32.12.3.rel1.win32_1.0.200.202406191623/tools/bin/../lib/gcc/arm-none-eabi/12.3.1/../../../../arm-none-eabi/lib/thumb/v7e-m+fp/hard\libc_nano.a(libc_a-init.o)
                0x08004440                __libc_init_array
 .text.memcpy   0x08004488       0x1c C:/ST/STM32CubeIDE_1.9.0/STM32CubeIDE/plugins/com.st.stm32cube.ide.mcu.externaltools.gnu-tools-for-stm32.12.3.rel1.win32_1.0.200.202406191623/tools/bin/../lib/gcc/arm-none-eabi/12.3.1/../../../../arm-none-eabi/lib/thumb/v7e-m+fp/hard\libc_nano.a(libc_a-memcpy-stub.o)
                0x08004488                memcpy
 *(.glue_7)
 .glue_7        0x080044a4        0x0 linker stubs
 *(.glue_7t)
 .glue_7t       0x080044a4        0x0 linker stubs
 *(.eh_frame)
 .eh_frame      0x080044a4        0x0 C:/ST/STM32CubeIDE_1.9.0/STM32CubeIDE/plugins/com.st.stm32cube.ide.mcu.externaltools.gnu-tools-for-stm32.12.3.rel1.win32_1.0.200.202406191623/tools/bin/../lib/gcc/arm-none-eabi/12.3.1/thumb/v7e-m+fp/hard/crtbegin.o
 *(.init)
 .init          0x080044a4        0x4 C:/ST/STM32CubeIDE_1.9.0/STM32CubeIDE/plugins/com.st.stm32cube.ide.mcu.externaltools.gnu-tools-for-stm32.12.3.rel1.win32_1.0.200.202406191623/tools/bin/../lib/gcc/arm-none-eabi/12.3.1/thumb/v7e-m+fp/hard/crti.o
                0x080044a4                _init
 .init          0x080044a8        0x8 C:/ST/STM32CubeIDE_1.9.0/STM32CubeIDE/plugins/com.st.stm32cube.ide.mcu.externaltools.gnu-tools-for-stm32.12.3.rel1.win32_1.0.200.202406191623/tools/bin/../lib/gcc/arm-none-eabi/12.3.1/thumb/v7e-m+fp/hard/crtn.o
 *(.fini)
 .fini          0x080044b0        0x4 C:/ST/STM32CubeIDE_1.9.0/STM32CubeIDE/plugins/com.st.stm32cube.ide.mcu.externaltools.gnu-tools-for-stm32.12.3.rel1.win32_1.0.200.202406191623/tools/bin/../lib/gcc/arm-none-eabi/12.3.1/thumb/v7e-m+fp/hard/crti.o
                0x080044b0                _fini
 .fini          0x080044b4        0x8 C:/ST/STM32CubeIDE_1.9.0/STM32CubeIDE/plugins/com.st.stm32cube.ide.mcu.externaltools.gnu-tools-for-stm32.12.3.rel1.win32_1.0.200.202406191623/tools/bin/../lib/gcc/arm-none-eabi/12.3.1/thumb/v7e-m+fp/hard/crtn.o
                0x080044bc                        . = ALIGN (0x4)
                0x080044bc                        _etext = .

.vfp11_veneer   0x080044bc        0x0
 .vfp11_veneer  0x080044bc        0x0 linker stubs

.v4_bx          0x080044bc        0x0
 .v4_bx         0x080044bc        0x0 linker stubs

.iplt           0x080044bc        0x0
 .iplt          0x080044bc        0x0 C:/ST/STM32CubeIDE_1.9.0/STM32CubeIDE/plugins/com.st.stm32cube.ide.mcu.externaltools.gnu-tools-for-stm32.12.3.rel1.win32_1.0.200.202406191623/tools/bin/../lib/gcc/arm-none-eabi/12.3.1/thumb/v7e-m+fp/hard/crtbegin.o

.rodata         0x080044bc      0x1d8
                0x080044bc                        . = ALIGN (0x4)
 *(.rodata)
 .rodata        0x080044bc       0xa7 ./TextualProtocol/Src/textualProtocol.o
 *(.rodata*)
 *fill*         0x08004563        0x1 
 .rodata.AHBPrescTable
                0x08004564       0x10 ./Core/Src/system_stm32f4xx.o
                0x08004564                AHBPrescTable
 .rodata.APBPrescTable
                0x08004574        0x8 ./Core/Src/system_stm32f4xx.o
                0x08004574                APBPrescTable
 .rodata.fixedTextualCommands
                0x0800457c       0x16 ./TextualProtocol/Src/textualProtocol.o
                0x0800457c                fixedTextualCommands
 .rodata._ctype_
                0x08004592      0x101 C:/ST/STM32CubeIDE_1.9.0/STM32CubeIDE/plugins/com.st.stm32cube.ide.mcu.externaltools.gnu-tools-for-stm32.12.3.rel1.win32_1.0.200.202406191623/tools/bin/../lib/gcc/arm-none-eabi/12.3.1/../../../../arm-none-eabi/lib/thumb/v7e-m+fp/hard\libc_nano.a(libc_a-ctype_.o)
                0x08004592                _ctype_
                0x08004694                        . = ALIGN (0x4)
 *fill*         0x08004693        0x1 

.ARM.extab      0x08004694        0x0
                0x08004694                        . = ALIGN (0x4)
 *(.ARM.extab* .gnu.linkonce.armextab.*)
                0x08004694                        . = ALIGN (0x4)

.ARM            0x08004694        0x8
                0x08004694                        . = ALIGN (0x4)
                0x08004694                        __exidx_start = .
 *(.ARM.exidx*)
 .ARM.exidx     0x08004694        0x8 C:/ST/STM32CubeIDE_1.9.0/STM32CubeIDE/plugins/com.st.stm32cube.ide.mcu.externaltools.gnu-tools-for-stm32.12.3.rel1.win32_1.0.200.202406191623/tools/bin/../lib/gcc/arm-none-eabi/12.3.1/../../../../arm-none-eabi/lib/thumb/v7e-m+fp/hard\libc_nano.a(libc_a-strlen.o)
 .ARM.exidx     0x0800469c        0x0 C:/ST/STM32CubeIDE_1.9.0/STM32CubeIDE/plugins/com.st.stm32cube.ide.mcu.externaltools.gnu-tools-for-stm32.12.3.rel1.win32_1.0.200.202406191623/tools/bin/../lib/gcc/arm-none-eabi/12.3.1/thumb/v7e-m+fp/hard\libgcc.a(_udivmoddi4.o)
                                  0x8 (size before relaxing)
                0x0800469c                        __exidx_end = .
                0x0800469c                        . = ALIGN (0x4)

.preinit_array  0x0800469c        0x0
                0x0800469c                        . = ALIGN (0x4)
                0x0800469c                        PROVIDE (__preinit_array_start = .)
 *(.preinit_array*)
                0x0800469c                        PROVIDE (__preinit_array_end = .)
                0x0800469c                        . = ALIGN (0x4)

.init_array     0x0800469c        0x4
                0x0800469c                        . = ALIGN (0x4)
                0x0800469c                        PROVIDE (__init_array_start = .)
 *(SORT_BY_NAME(.init_array.*))
 *(.init_array*)
 .init_array    0x0800469c        0x4 C:/ST/STM32CubeIDE_1.9.0/STM32CubeIDE/plugins/com.st.stm32cube.ide.mcu.externaltools.gnu-tools-for-stm32.12.3.rel1.win32_1.0.200.202406191623/tools/bin/../lib/gcc/arm-none-eabi/12.3.1/thumb/v7e-m+fp/hard/crtbegin.o
                0x080046a0                        PROVIDE (__init_array_end = .)
                0x080046a0                        . = ALIGN (0x4)

.fini_array     0x080046a0        0x4
                0x080046a0                        . = ALIGN (0x4)
                [!provide]                        PROVIDE (__fini_array_start = .)
 *(SORT_BY_NAME(.fini_array.*))
 *(.fini_array*)
 .fini_array    0x080046a0        0x4 C:/ST/STM32CubeIDE_1.9.0/STM32CubeIDE/plugins/com.st.stm32cube.ide.mcu.externaltools.gnu-tools-for-stm32.12.3.rel1.win32_1.0.200.202406191623/tools/bin/../lib/gcc/arm-none-eabi/12.3.1/thumb/v7e-m+fp/hard/crtbegin.o
                [!provide]                        PROVIDE (__fini_array_end = .)
                0x080046a4                        . = ALIGN (0x4)
                0x080046a4                        _sidata = LOADADDR (.data)

.rel.dyn        0x080046a4        0x0
 .rel.iplt      0x080046a4        0x0 C:/ST/STM32CubeIDE_1.9.0/STM32CubeIDE/plugins/com.st.stm32cube.ide.mcu.externaltools.gnu-tools-for-stm32.12.3.rel1.win32_1.0.200.202406191623/tools/bin/../lib/gcc/arm-none-eabi/12.3.1/thumb/v7e-m+fp/hard/crtbegin.o

.data           0x20000000       0x5c load address 0x080046a4
                0x20000000                        . = ALIGN (0x4)
                0x20000000                        _sdata = .
 *(.data)
 *(.data*)
 .data.SystemCoreClock
                0x20000000        0x4 ./Core/Src/system_stm32f4xx.o
                0x20000000                SystemCoreClock
 .data.uwTickPrio
                0x20000004        0x4 ./Drivers/STM32F4xx_HAL_Driver/Src/stm32f4xx_hal.o
                0x20000004                uwTickPrio
 .data.uwTickFreq
                0x20000008        0x1 ./Drivers/STM32F4xx_HAL_Driver/Src/stm32f4xx_hal.o
                0x20000008                uwTickFreq
 *fill*         0x20000009        0x3 
 .data._impure_ptr
                0x2000000c        0x4 C:/ST/STM32CubeIDE_1.9.0/STM32CubeIDE/plugins/com.st.stm32cube.ide.mcu.externaltools.gnu-tools-for-stm32.12.3.rel1.win32_1.0.200.202406191623/tools/bin/../lib/gcc/arm-none-eabi/12.3.1/../../../../arm-none-eabi/lib/thumb/v7e-m+fp/hard\libc_nano.a(libc_a-impure.o)
                0x2000000c                _impure_ptr
 .data._impure_data
                0x20000010       0x4c C:/ST/STM32CubeIDE_1.9.0/STM32CubeIDE/plugins/com.st.stm32cube.ide.mcu.externaltools.gnu-tools-for-stm32.12.3.rel1.win32_1.0.200.202406191623/tools/bin/../lib/gcc/arm-none-eabi/12.3.1/../../../../arm-none-eabi/lib/thumb/v7e-m+fp/hard\libc_nano.a(libc_a-impure.o)
                0x20000010                _impure_data
 *(.RamFunc)
 *(.RamFunc*)
                0x2000005c                        . = ALIGN (0x4)
                0x2000005c                        _edata = .

.igot.plt       0x2000005c        0x0 load address 0x08004700
 .igot.plt      0x2000005c        0x0 C:/ST/STM32CubeIDE_1.9.0/STM32CubeIDE/plugins/com.st.stm32cube.ide.mcu.externaltools.gnu-tools-for-stm32.12.3.rel1.win32_1.0.200.202406191623/tools/bin/../lib/gcc/arm-none-eabi/12.3.1/thumb/v7e-m+fp/hard/crtbegin.o
                0x2000005c                        . = ALIGN (0x4)

.bss            0x2000005c      0x428 load address 0x08004700
                0x2000005c                        _sbss = .
                0x2000005c                        __bss_start__ = _sbss
 *(.bss)
 .bss           0x2000005c       0x1c C:/ST/STM32CubeIDE_1.9.0/STM32CubeIDE/plugins/com.st.stm32cube.ide.mcu.externaltools.gnu-tools-for-stm32.12.3.rel1.win32_1.0.200.202406191623/tools/bin/../lib/gcc/arm-none-eabi/12.3.1/thumb/v7e-m+fp/hard/crtbegin.o
 *(.bss*)
 .bss.htim9     0x20000078       0x48 ./Core/Src/main.o
                0x20000078                htim9
 .bss.huart2    0x200000c0       0x48 ./Core/Src/main.o
                0x200000c0                huart2
 .bss.receivedByte
                0x20000108        0x1 ./Core/Src/main.o
                0x20000108                receivedByte
 .bss.stateMachine
                0x20000109        0x1 ./Core/Src/main.o
                0x20000109                stateMachine
 .bss.sendDataDelay
                0x2000010a        0x2 ./Core/Src/main.o
                0x2000010a                sendDataDelay
 .bss.blinkLedDelay
                0x2000010c        0x2 ./Core/Src/main.o
                0x2000010c                blinkLedDelay
 *fill*         0x2000010e        0x2 
 .bss.app       0x20000110      0x238 ./Core/Src/main.o
                0x20000110                app
 .bss.uwTick    0x20000348        0x4 ./Drivers/STM32F4xx_HAL_Driver/Src/stm32f4xx_hal.o
                0x20000348                uwTick
 .bss.__sf      0x2000034c      0x138 C:/ST/STM32CubeIDE_1.9.0/STM32CubeIDE/plugins/com.st.stm32cube.ide.mcu.externaltools.gnu-tools-for-stm32.12.3.rel1.win32_1.0.200.202406191623/tools/bin/../lib/gcc/arm-none-eabi/12.3.1/../../../../arm-none-eabi/lib/thumb/v7e-m+fp/hard\libc_nano.a(libc_a-findfp.o)
                0x2000034c                __sf
 *(COMMON)
                0x20000484                        . = ALIGN (0x4)
                0x20000484                        _ebss = .
                0x20000484                        __bss_end__ = _ebss

._user_heap_stack
                0x20000484      0x604 load address 0x08004700
                0x20000488                        . = ALIGN (0x8)
 *fill*         0x20000484        0x4 
                [!provide]                        PROVIDE (end = .)
                0x20000488                        PROVIDE (_end = .)
                0x20000688                        . = (. + _Min_Heap_Size)
 *fill*         0x20000488      0x200 
                0x20000a88                        . = (. + _Min_Stack_Size)
 *fill*         0x20000688      0x400 
                0x20000a88                        . = ALIGN (0x8)

/DISCARD/
 libc.a(*)
 libm.a(*)
 libgcc.a(*)

.ARM.attributes
                0x00000000       0x30
 *(.ARM.attributes)
 .ARM.attributes
                0x00000000       0x22 C:/ST/STM32CubeIDE_1.9.0/STM32CubeIDE/plugins/com.st.stm32cube.ide.mcu.externaltools.gnu-tools-for-stm32.12.3.rel1.win32_1.0.200.202406191623/tools/bin/../lib/gcc/arm-none-eabi/12.3.1/thumb/v7e-m+fp/hard/crti.o
 .ARM.attributes
                0x00000022       0x34 C:/ST/STM32CubeIDE_1.9.0/STM32CubeIDE/plugins/com.st.stm32cube.ide.mcu.externaltools.gnu-tools-for-stm32.12.3.rel1.win32_1.0.200.202406191623/tools/bin/../lib/gcc/arm-none-eabi/12.3.1/thumb/v7e-m+fp/hard/crtbegin.o
 .ARM.attributes
                0x00000056       0x34 ./App/Src/app.o
 .ARM.attributes
                0x0000008a       0x34 ./App/Src/blinkLed.o
 .ARM.attributes
                0x000000be       0x34 ./Core/Src/main.o
 .ARM.attributes
                0x000000f2       0x34 ./Core/Src/stm32f4xx_hal_msp.o
 .ARM.attributes
                0x00000126       0x34 ./Core/Src/stm32f4xx_it.o
 .ARM.attributes
                0x0000015a       0x34 ./Core/Src/system_stm32f4xx.o
 .ARM.attributes
                0x0000018e       0x21 ./Core/Startup/startup_stm32f446retx.o
 .ARM.attributes
                0x000001af       0x34 ./Drivers/STM32F4xx_HAL_Driver/Src/stm32f4xx_hal.o
 .ARM.attributes
                0x000001e3       0x34 ./Drivers/STM32F4xx_HAL_Driver/Src/stm32f4xx_hal_cortex.o
 .ARM.attributes
                0x00000217       0x34 ./Drivers/STM32F4xx_HAL_Driver/Src/stm32f4xx_hal_dma.o
 .ARM.attributes
                0x0000024b       0x34 ./Drivers/STM32F4xx_HAL_Driver/Src/stm32f4xx_hal_gpio.o
 .ARM.attributes
                0x0000027f       0x34 ./Drivers/STM32F4xx_HAL_Driver/Src/stm32f4xx_hal_pwr_ex.o
 .ARM.attributes
                0x000002b3       0x34 ./Drivers/STM32F4xx_HAL_Driver/Src/stm32f4xx_hal_rcc.o
 .ARM.attributes
                0x000002e7       0x34 ./Drivers/STM32F4xx_HAL_Driver/Src/stm32f4xx_hal_rcc_ex.o
 .ARM.attributes
                0x0000031b       0x34 ./Drivers/STM32F4xx_HAL_Driver/Src/stm32f4xx_hal_tim.o
 .ARM.attributes
                0x0000034f       0x34 ./Drivers/STM32F4xx_HAL_Driver/Src/stm32f4xx_hal_tim_ex.o
 .ARM.attributes
                0x00000383       0x34 ./Drivers/STM32F4xx_HAL_Driver/Src/stm32f4xx_hal_uart.o
 .ARM.attributes
                0x000003b7       0x34 ./TextualProtocol/Src/textualProtocol.o
 .ARM.attributes
                0x000003eb       0x34 C:/ST/STM32CubeIDE_1.9.0/STM32CubeIDE/plugins/com.st.stm32cube.ide.mcu.externaltools.gnu-tools-for-stm32.12.3.rel1.win32_1.0.200.202406191623/tools/bin/../lib/gcc/arm-none-eabi/12.3.1/../../../../arm-none-eabi/lib/thumb/v7e-m+fp/hard\libc_nano.a(libc_a-atoi.o)
 .ARM.attributes
                0x0000041f       0x34 C:/ST/STM32CubeIDE_1.9.0/STM32CubeIDE/plugins/com.st.stm32cube.ide.mcu.externaltools.gnu-tools-for-stm32.12.3.rel1.win32_1.0.200.202406191623/tools/bin/../lib/gcc/arm-none-eabi/12.3.1/../../../../arm-none-eabi/lib/thumb/v7e-m+fp/hard\libc_nano.a(libc_a-strtol.o)
 .ARM.attributes
                0x00000453       0x34 C:/ST/STM32CubeIDE_1.9.0/STM32CubeIDE/plugins/com.st.stm32cube.ide.mcu.externaltools.gnu-tools-for-stm32.12.3.rel1.win32_1.0.200.202406191623/tools/bin/../lib/gcc/arm-none-eabi/12.3.1/../../../../arm-none-eabi/lib/thumb/v7e-m+fp/hard\libc_nano.a(libc_a-ctype_.o)
 .ARM.attributes
                0x00000487       0x34 C:/ST/STM32CubeIDE_1.9.0/STM32CubeIDE/plugins/com.st.stm32cube.ide.mcu.externaltools.gnu-tools-for-stm32.12.3.rel1.win32_1.0.200.202406191623/tools/bin/../lib/gcc/arm-none-eabi/12.3.1/../../../../arm-none-eabi/lib/thumb/v7e-m+fp/hard\libc_nano.a(libc_a-findfp.o)
 .ARM.attributes
                0x000004bb       0x34 C:/ST/STM32CubeIDE_1.9.0/STM32CubeIDE/plugins/com.st.stm32cube.ide.mcu.externaltools.gnu-tools-for-stm32.12.3.rel1.win32_1.0.200.202406191623/tools/bin/../lib/gcc/arm-none-eabi/12.3.1/../../../../arm-none-eabi/lib/thumb/v7e-m+fp/hard\libc_nano.a(libc_a-memset.o)
 .ARM.attributes
                0x000004ef       0x34 C:/ST/STM32CubeIDE_1.9.0/STM32CubeIDE/plugins/com.st.stm32cube.ide.mcu.externaltools.gnu-tools-for-stm32.12.3.rel1.win32_1.0.200.202406191623/tools/bin/../lib/gcc/arm-none-eabi/12.3.1/../../../../arm-none-eabi/lib/thumb/v7e-m+fp/hard\libc_nano.a(libc_a-impure.o)
 .ARM.attributes
                0x00000523       0x34 C:/ST/STM32CubeIDE_1.9.0/STM32CubeIDE/plugins/com.st.stm32cube.ide.mcu.externaltools.gnu-tools-for-stm32.12.3.rel1.win32_1.0.200.202406191623/tools/bin/../lib/gcc/arm-none-eabi/12.3.1/../../../../arm-none-eabi/lib/thumb/v7e-m+fp/hard\libc_nano.a(libc_a-errno.o)
 .ARM.attributes
                0x00000557       0x34 C:/ST/STM32CubeIDE_1.9.0/STM32CubeIDE/plugins/com.st.stm32cube.ide.mcu.externaltools.gnu-tools-for-stm32.12.3.rel1.win32_1.0.200.202406191623/tools/bin/../lib/gcc/arm-none-eabi/12.3.1/../../../../arm-none-eabi/lib/thumb/v7e-m+fp/hard\libc_nano.a(libc_a-init.o)
 .ARM.attributes
                0x0000058b       0x34 C:/ST/STM32CubeIDE_1.9.0/STM32CubeIDE/plugins/com.st.stm32cube.ide.mcu.externaltools.gnu-tools-for-stm32.12.3.rel1.win32_1.0.200.202406191623/tools/bin/../lib/gcc/arm-none-eabi/12.3.1/../../../../arm-none-eabi/lib/thumb/v7e-m+fp/hard\libc_nano.a(libc_a-memcpy-stub.o)
 .ARM.attributes
                0x000005bf       0x17 C:/ST/STM32CubeIDE_1.9.0/STM32CubeIDE/plugins/com.st.stm32cube.ide.mcu.externaltools.gnu-tools-for-stm32.12.3.rel1.win32_1.0.200.202406191623/tools/bin/../lib/gcc/arm-none-eabi/12.3.1/../../../../arm-none-eabi/lib/thumb/v7e-m+fp/hard\libc_nano.a(libc_a-strlen.o)
 .ARM.attributes
                0x000005d6       0x22 C:/ST/STM32CubeIDE_1.9.0/STM32CubeIDE/plugins/com.st.stm32cube.ide.mcu.externaltools.gnu-tools-for-stm32.12.3.rel1.win32_1.0.200.202406191623/tools/bin/../lib/gcc/arm-none-eabi/12.3.1/thumb/v7e-m+fp/hard\libgcc.a(_aeabi_uldivmod.o)
 .ARM.attributes
                0x000005f8       0x34 C:/ST/STM32CubeIDE_1.9.0/STM32CubeIDE/plugins/com.st.stm32cube.ide.mcu.externaltools.gnu-tools-for-stm32.12.3.rel1.win32_1.0.200.202406191623/tools/bin/../lib/gcc/arm-none-eabi/12.3.1/thumb/v7e-m+fp/hard\libgcc.a(_udivmoddi4.o)
 .ARM.attributes
                0x0000062c       0x22 C:/ST/STM32CubeIDE_1.9.0/STM32CubeIDE/plugins/com.st.stm32cube.ide.mcu.externaltools.gnu-tools-for-stm32.12.3.rel1.win32_1.0.200.202406191623/tools/bin/../lib/gcc/arm-none-eabi/12.3.1/thumb/v7e-m+fp/hard\libgcc.a(_dvmd_tls.o)
 .ARM.attributes
                0x0000064e       0x22 C:/ST/STM32CubeIDE_1.9.0/STM32CubeIDE/plugins/com.st.stm32cube.ide.mcu.externaltools.gnu-tools-for-stm32.12.3.rel1.win32_1.0.200.202406191623/tools/bin/../lib/gcc/arm-none-eabi/12.3.1/thumb/v7e-m+fp/hard/crtn.o
OUTPUT(TextualProtocol.elf elf32-littlearm)
LOAD linker stubs
LOAD C:/ST/STM32CubeIDE_1.9.0/STM32CubeIDE/plugins/com.st.stm32cube.ide.mcu.externaltools.gnu-tools-for-stm32.12.3.rel1.win32_1.0.200.202406191623/tools/bin/../lib/gcc/arm-none-eabi/12.3.1/../../../../arm-none-eabi/lib/thumb/v7e-m+fp/hard\libc.a
LOAD C:/ST/STM32CubeIDE_1.9.0/STM32CubeIDE/plugins/com.st.stm32cube.ide.mcu.externaltools.gnu-tools-for-stm32.12.3.rel1.win32_1.0.200.202406191623/tools/bin/../lib/gcc/arm-none-eabi/12.3.1/../../../../arm-none-eabi/lib/thumb/v7e-m+fp/hard\libm.a
LOAD C:/ST/STM32CubeIDE_1.9.0/STM32CubeIDE/plugins/com.st.stm32cube.ide.mcu.externaltools.gnu-tools-for-stm32.12.3.rel1.win32_1.0.200.202406191623/tools/bin/../lib/gcc/arm-none-eabi/12.3.1/thumb/v7e-m+fp/hard\libgcc.a

.debug_info     0x00000000     0xfcf5
 .debug_info    0x00000000      0xcb0 ./App/Src/app.o
 .debug_info    0x00000cb0      0x3c0 ./App/Src/blinkLed.o
 .debug_info    0x00001070     0x13d3 ./Core/Src/main.o
 .debug_info    0x00002443      0xf82 ./Core/Src/stm32f4xx_hal_msp.o
 .debug_info    0x000033c5      0x992 ./Core/Src/stm32f4xx_it.o
 .debug_info    0x00003d57      0x54a ./Core/Src/system_stm32f4xx.o
 .debug_info    0x000042a1       0x30 ./Core/Startup/startup_stm32f446retx.o
 .debug_info    0x000042d1      0x99a ./Drivers/STM32F4xx_HAL_Driver/Src/stm32f4xx_hal.o
 .debug_info    0x00004c6b      0xd75 ./Drivers/STM32F4xx_HAL_Driver/Src/stm32f4xx_hal_cortex.o
 .debug_info    0x000059e0      0x8e7 ./Drivers/STM32F4xx_HAL_Driver/Src/stm32f4xx_hal_dma.o
 .debug_info    0x000062c7      0x70b ./Drivers/STM32F4xx_HAL_Driver/Src/stm32f4xx_hal_gpio.o
 .debug_info    0x000069d2      0x6da ./Drivers/STM32F4xx_HAL_Driver/Src/stm32f4xx_hal_pwr_ex.o
 .debug_info    0x000070ac      0x8ed ./Drivers/STM32F4xx_HAL_Driver/Src/stm32f4xx_hal_rcc.o
 .debug_info    0x00007999      0x956 ./Drivers/STM32F4xx_HAL_Driver/Src/stm32f4xx_hal_rcc_ex.o
 .debug_info    0x000082ef     0x299d ./Drivers/STM32F4xx_HAL_Driver/Src/stm32f4xx_hal_tim.o
 .debug_info    0x0000ac8c     0x14db ./Drivers/STM32F4xx_HAL_Driver/Src/stm32f4xx_hal_tim_ex.o
 .debug_info    0x0000c167     0x2f4f ./Drivers/STM32F4xx_HAL_Driver/Src/stm32f4xx_hal_uart.o
 .debug_info    0x0000f0b6      0xc3f ./TextualProtocol/Src/textualProtocol.o

.debug_abbrev   0x00000000     0x2638
 .debug_abbrev  0x00000000      0x227 ./App/Src/app.o
 .debug_abbrev  0x00000227      0x195 ./App/Src/blinkLed.o
 .debug_abbrev  0x000003bc      0x321 ./Core/Src/main.o
 .debug_abbrev  0x000006dd      0x1de ./Core/Src/stm32f4xx_hal_msp.o
 .debug_abbrev  0x000008bb      0x19c ./Core/Src/stm32f4xx_it.o
 .debug_abbrev  0x00000a57      0x11a ./Core/Src/system_stm32f4xx.o
 .debug_abbrev  0x00000b71       0x24 ./Core/Startup/startup_stm32f446retx.o
 .debug_abbrev  0x00000b95      0x214 ./Drivers/STM32F4xx_HAL_Driver/Src/stm32f4xx_hal.o
 .debug_abbrev  0x00000da9      0x328 ./Drivers/STM32F4xx_HAL_Driver/Src/stm32f4xx_hal_cortex.o
 .debug_abbrev  0x000010d1      0x264 ./Drivers/STM32F4xx_HAL_Driver/Src/stm32f4xx_hal_dma.o
 .debug_abbrev  0x00001335      0x1d4 ./Drivers/STM32F4xx_HAL_Driver/Src/stm32f4xx_hal_gpio.o
 .debug_abbrev  0x00001509      0x1cf ./Drivers/STM32F4xx_HAL_Driver/Src/stm32f4xx_hal_pwr_ex.o
 .debug_abbrev  0x000016d8      0x2b6 ./Drivers/STM32F4xx_HAL_Driver/Src/stm32f4xx_hal_rcc.o
 .debug_abbrev  0x0000198e      0x20a ./Drivers/STM32F4xx_HAL_Driver/Src/stm32f4xx_hal_rcc_ex.o
 .debug_abbrev  0x00001b98      0x278 ./Drivers/STM32F4xx_HAL_Driver/Src/stm32f4xx_hal_tim.o
 .debug_abbrev  0x00001e10      0x283 ./Drivers/STM32F4xx_HAL_Driver/Src/stm32f4xx_hal_tim_ex.o
 .debug_abbrev  0x00002093      0x30e ./Drivers/STM32F4xx_HAL_Driver/Src/stm32f4xx_hal_uart.o
 .debug_abbrev  0x000023a1      0x297 ./TextualProtocol/Src/textualProtocol.o

.debug_aranges  0x00000000      0xe48
 .debug_aranges
                0x00000000       0x70 ./App/Src/app.o
 .debug_aranges
                0x00000070       0x58 ./App/Src/blinkLed.o
 .debug_aranges
                0x000000c8       0x58 ./Core/Src/main.o
 .debug_aranges
                0x00000120       0x40 ./Core/Src/stm32f4xx_hal_msp.o
 .debug_aranges
                0x00000160       0x70 ./Core/Src/stm32f4xx_it.o
 .debug_aranges
                0x000001d0       0x28 ./Core/Src/system_stm32f4xx.o
 .debug_aranges
                0x000001f8       0x28 ./Core/Startup/startup_stm32f446retx.o
 .debug_aranges
                0x00000220       0xf0 ./Drivers/STM32F4xx_HAL_Driver/Src/stm32f4xx_hal.o
 .debug_aranges
                0x00000310      0x120 ./Drivers/STM32F4xx_HAL_Driver/Src/stm32f4xx_hal_cortex.o
 .debug_aranges
                0x00000430       0x90 ./Drivers/STM32F4xx_HAL_Driver/Src/stm32f4xx_hal_dma.o
 .debug_aranges
                0x000004c0       0x58 ./Drivers/STM32F4xx_HAL_Driver/Src/stm32f4xx_hal_gpio.o
 .debug_aranges
                0x00000518       0x60 ./Drivers/STM32F4xx_HAL_Driver/Src/stm32f4xx_hal_pwr_ex.o
 .debug_aranges
                0x00000578       0x88 ./Drivers/STM32F4xx_HAL_Driver/Src/stm32f4xx_hal_rcc.o
 .debug_aranges
                0x00000600       0x78 ./Drivers/STM32F4xx_HAL_Driver/Src/stm32f4xx_hal_rcc_ex.o
 .debug_aranges
                0x00000678      0x3d0 ./Drivers/STM32F4xx_HAL_Driver/Src/stm32f4xx_hal_tim.o
 .debug_aranges
                0x00000a48      0x168 ./Drivers/STM32F4xx_HAL_Driver/Src/stm32f4xx_hal_tim_ex.o
 .debug_aranges
                0x00000bb0      0x208 ./Drivers/STM32F4xx_HAL_Driver/Src/stm32f4xx_hal_uart.o
 .debug_aranges
                0x00000db8       0x90 ./TextualProtocol/Src/textualProtocol.o

.debug_rnglists
                0x00000000      0xb22
 .debug_rnglists
                0x00000000       0x50 ./App/Src/app.o
 .debug_rnglists
                0x00000050       0x3e ./App/Src/blinkLed.o
 .debug_rnglists
                0x0000008e       0x40 ./Core/Src/main.o
 .debug_rnglists
                0x000000ce       0x2c ./Core/Src/stm32f4xx_hal_msp.o
 .debug_rnglists
                0x000000fa       0x4f ./Core/Src/stm32f4xx_it.o
 .debug_rnglists
                0x00000149       0x1a ./Core/Src/system_stm32f4xx.o
 .debug_rnglists
                0x00000163       0x19 ./Core/Startup/startup_stm32f446retx.o
 .debug_rnglists
                0x0000017c       0xaf ./Drivers/STM32F4xx_HAL_Driver/Src/stm32f4xx_hal.o
 .debug_rnglists
                0x0000022b       0xd4 ./Drivers/STM32F4xx_HAL_Driver/Src/stm32f4xx_hal_cortex.o
 .debug_rnglists
                0x000002ff       0x70 ./Drivers/STM32F4xx_HAL_Driver/Src/stm32f4xx_hal_dma.o
 .debug_rnglists
                0x0000036f       0x3f ./Drivers/STM32F4xx_HAL_Driver/Src/stm32f4xx_hal_gpio.o
 .debug_rnglists
                0x000003ae       0x47 ./Drivers/STM32F4xx_HAL_Driver/Src/stm32f4xx_hal_pwr_ex.o
 .debug_rnglists
                0x000003f5       0x66 ./Drivers/STM32F4xx_HAL_Driver/Src/stm32f4xx_hal_rcc.o
 .debug_rnglists
                0x0000045b       0x5e ./Drivers/STM32F4xx_HAL_Driver/Src/stm32f4xx_hal_rcc_ex.o
 .debug_rnglists
                0x000004b9      0x31a ./Drivers/STM32F4xx_HAL_Driver/Src/stm32f4xx_hal_tim.o
 .debug_rnglists
                0x000007d3      0x125 ./Drivers/STM32F4xx_HAL_Driver/Src/stm32f4xx_hal_tim_ex.o
 .debug_rnglists
                0x000008f8      0x1bc ./Drivers/STM32F4xx_HAL_Driver/Src/stm32f4xx_hal_uart.o
 .debug_rnglists
                0x00000ab4       0x6e ./TextualProtocol/Src/textualProtocol.o

.debug_macro    0x00000000    0x22d04
 .debug_macro   0x00000000      0x336 ./App/Src/app.o
 .debug_macro   0x00000336      0xab4 ./App/Src/app.o
 .debug_macro   0x00000dea       0x2a ./App/Src/app.o
 .debug_macro   0x00000e14       0x22 ./App/Src/app.o
 .debug_macro   0x00000e36       0x5b ./App/Src/app.o
 .debug_macro   0x00000e91       0x94 ./App/Src/app.o
 .debug_macro   0x00000f25       0x43 ./App/Src/app.o
 .debug_macro   0x00000f68       0x34 ./App/Src/app.o
 .debug_macro   0x00000f9c       0x16 ./App/Src/app.o
 .debug_macro   0x00000fb2      0x11c ./App/Src/app.o
 .debug_macro   0x000010ce       0x94 ./App/Src/app.o
 .debug_macro   0x00001162       0x16 ./App/Src/app.o
 .debug_macro   0x00001178       0x43 ./App/Src/app.o
 .debug_macro   0x000011bb       0x57 ./App/Src/app.o
 .debug_macro   0x00001212       0x34 ./App/Src/app.o
 .debug_macro   0x00001246       0x10 ./App/Src/app.o
 .debug_macro   0x00001256       0x58 ./App/Src/app.o
 .debug_macro   0x000012ae       0x8e ./App/Src/app.o
 .debug_macro   0x0000133c       0x1c ./App/Src/app.o
 .debug_macro   0x00001358      0x177 ./App/Src/app.o
 .debug_macro   0x000014cf      0x369 ./App/Src/app.o
 .debug_macro   0x00001838       0x16 ./App/Src/app.o
 .debug_macro   0x0000184e       0x29 ./App/Src/app.o
 .debug_macro   0x00001877       0x70 ./App/Src/app.o
 .debug_macro   0x000018e7      0x103 ./App/Src/app.o
 .debug_macro   0x000019ea       0x6a ./App/Src/app.o
 .debug_macro   0x00001a54      0x1df ./App/Src/app.o
 .debug_macro   0x00001c33      0x29b ./App/Src/app.o
 .debug_macro   0x00001ece       0x2e ./App/Src/app.o
 .debug_macro   0x00001efc       0x28 ./App/Src/app.o
 .debug_macro   0x00001f24       0x1c ./App/Src/app.o
 .debug_macro   0x00001f40       0x22 ./App/Src/app.o
 .debug_macro   0x00001f62       0xfb ./App/Src/app.o
 .debug_macro   0x0000205d     0x1011 ./App/Src/app.o
 .debug_macro   0x0000306e      0x11f ./App/Src/app.o
 .debug_macro   0x0000318d    0x16749 ./App/Src/app.o
 .debug_macro   0x000198d6       0x6d ./App/Src/app.o
 .debug_macro   0x00019943     0x368c ./App/Src/app.o
 .debug_macro   0x0001cfcf       0x56 ./App/Src/app.o
 .debug_macro   0x0001d025      0xca5 ./App/Src/app.o
 .debug_macro   0x0001dcca      0x9e9 ./App/Src/app.o
 .debug_macro   0x0001e6b3      0x115 ./App/Src/app.o
 .debug_macro   0x0001e7c8      0x1a0 ./App/Src/app.o
 .debug_macro   0x0001e968       0xa5 ./App/Src/app.o
 .debug_macro   0x0001ea0d      0x16d ./App/Src/app.o
 .debug_macro   0x0001eb7a      0x287 ./App/Src/app.o
 .debug_macro   0x0001ee01       0x5f ./App/Src/app.o
 .debug_macro   0x0001ee60      0x236 ./App/Src/app.o
 .debug_macro   0x0001f096      0x132 ./App/Src/app.o
 .debug_macro   0x0001f1c8      0x29c ./App/Src/app.o
 .debug_macro   0x0001f464       0x2e ./App/Src/app.o
 .debug_macro   0x0001f492      0x127 ./App/Src/app.o
 .debug_macro   0x0001f5b9       0xe8 ./App/Src/app.o
 .debug_macro   0x0001f6a1       0x89 ./App/Src/app.o
 .debug_macro   0x0001f72a      0x8ed ./App/Src/app.o
 .debug_macro   0x00020017       0x53 ./App/Src/app.o
 .debug_macro   0x0002006a      0x2aa ./App/Src/app.o
 .debug_macro   0x00020314      0x126 ./App/Src/app.o
 .debug_macro   0x0002043a       0x16 ./App/Src/app.o
 .debug_macro   0x00020450       0x35 ./App/Src/app.o
 .debug_macro   0x00020485       0x20 ./App/Src/app.o
 .debug_macro   0x000204a5       0x1c ./App/Src/app.o
 .debug_macro   0x000204c1       0x10 ./App/Src/app.o
 .debug_macro   0x000204d1       0x1c ./App/Src/app.o
 .debug_macro   0x000204ed       0x16 ./App/Src/app.o
 .debug_macro   0x00020503      0x146 ./App/Src/app.o
 .debug_macro   0x00020649       0x28 ./App/Src/app.o
 .debug_macro   0x00020671      0x1e1 ./App/Src/blinkLed.o
 .debug_macro   0x00020852       0x8e ./App/Src/blinkLed.o
 .debug_macro   0x000208e0       0x51 ./App/Src/blinkLed.o
 .debug_macro   0x00020931      0x189 ./App/Src/blinkLed.o
 .debug_macro   0x00020aba       0x5c ./App/Src/blinkLed.o
 .debug_macro   0x00020b16      0x34b ./Core/Src/main.o
 .debug_macro   0x00020e61       0x61 ./Core/Src/main.o
 .debug_macro   0x00020ec2       0x1c ./Core/Src/main.o
 .debug_macro   0x00020ede      0x34b ./Core/Src/stm32f4xx_hal_msp.o
 .debug_macro   0x00021229      0x355 ./Core/Src/stm32f4xx_it.o
 .debug_macro   0x0002157e      0x1ce ./Core/Src/system_stm32f4xx.o
 .debug_macro   0x0002174c      0x22e ./Drivers/STM32F4xx_HAL_Driver/Src/stm32f4xx_hal.o
 .debug_macro   0x0002197a      0x1ce ./Drivers/STM32F4xx_HAL_Driver/Src/stm32f4xx_hal_cortex.o
 .debug_macro   0x00021b48      0x1d4 ./Drivers/STM32F4xx_HAL_Driver/Src/stm32f4xx_hal_dma.o
 .debug_macro   0x00021d1c      0x1d4 ./Drivers/STM32F4xx_HAL_Driver/Src/stm32f4xx_hal_gpio.o
 .debug_macro   0x00021ef0      0x1e6 ./Drivers/STM32F4xx_HAL_Driver/Src/stm32f4xx_hal_pwr_ex.o
 .debug_macro   0x000220d6      0x1f2 ./Drivers/STM32F4xx_HAL_Driver/Src/stm32f4xx_hal_rcc.o
 .debug_macro   0x000222c8      0x1ce ./Drivers/STM32F4xx_HAL_Driver/Src/stm32f4xx_hal_rcc_ex.o
 .debug_macro   0x00022496      0x1cf ./Drivers/STM32F4xx_HAL_Driver/Src/stm32f4xx_hal_tim.o
 .debug_macro   0x00022665      0x1ce ./Drivers/STM32F4xx_HAL_Driver/Src/stm32f4xx_hal_tim_ex.o
 .debug_macro   0x00022833      0x1cf ./Drivers/STM32F4xx_HAL_Driver/Src/stm32f4xx_hal_uart.o
 .debug_macro   0x00022a02      0x2f2 ./TextualProtocol/Src/textualProtocol.o
 .debug_macro   0x00022cf4       0x10 ./TextualProtocol/Src/textualProtocol.o

.debug_line     0x00000000    0x123ce
 .debug_line    0x00000000      0xafb ./App/Src/app.o
 .debug_line    0x00000afb      0x8a4 ./App/Src/blinkLed.o
 .debug_line    0x0000139f      0xb98 ./Core/Src/main.o
 .debug_line    0x00001f37      0xa57 ./Core/Src/stm32f4xx_hal_msp.o
 .debug_line    0x0000298e      0xabe ./Core/Src/stm32f4xx_it.o
 .debug_line    0x0000344c      0x7cf ./Core/Src/system_stm32f4xx.o
 .debug_line    0x00003c1b       0x7a ./Core/Startup/startup_stm32f446retx.o
 .debug_line    0x00003c95      0xa38 ./Drivers/STM32F4xx_HAL_Driver/Src/stm32f4xx_hal.o
 .debug_line    0x000046cd      0xd00 ./Drivers/STM32F4xx_HAL_Driver/Src/stm32f4xx_hal_cortex.o
 .debug_line    0x000053cd      0xfa8 ./Drivers/STM32F4xx_HAL_Driver/Src/stm32f4xx_hal_dma.o
 .debug_line    0x00006375      0xbb0 ./Drivers/STM32F4xx_HAL_Driver/Src/stm32f4xx_hal_gpio.o
 .debug_line    0x00006f25      0x961 ./Drivers/STM32F4xx_HAL_Driver/Src/stm32f4xx_hal_pwr_ex.o
 .debug_line    0x00007886      0xdb5 ./Drivers/STM32F4xx_HAL_Driver/Src/stm32f4xx_hal_rcc.o
 .debug_line    0x0000863b     0x1453 ./Drivers/STM32F4xx_HAL_Driver/Src/stm32f4xx_hal_rcc_ex.o
 .debug_line    0x00009a8e     0x37dc ./Drivers/STM32F4xx_HAL_Driver/Src/stm32f4xx_hal_tim.o
 .debug_line    0x0000d26a     0x1a2e ./Drivers/STM32F4xx_HAL_Driver/Src/stm32f4xx_hal_tim_ex.o
 .debug_line    0x0000ec98     0x290a ./Drivers/STM32F4xx_HAL_Driver/Src/stm32f4xx_hal_uart.o
 .debug_line    0x000115a2      0xe2c ./TextualProtocol/Src/textualProtocol.o

.debug_str      0x00000000    0xd16f0
 .debug_str     0x00000000    0xcd8e1 ./App/Src/app.o
                              0xcdc25 (size before relaxing)
 .debug_str     0x000cd8e1       0xb9 ./App/Src/blinkLed.o
                              0xc9926 (size before relaxing)
 .debug_str     0x000cd99a      0x75f ./Core/Src/main.o
                              0xcdff5 (size before relaxing)
 .debug_str     0x000ce0f9      0x5de ./Core/Src/stm32f4xx_hal_msp.o
                              0xcdf75 (size before relaxing)
 .debug_str     0x000ce6d7      0x11b ./Core/Src/stm32f4xx_it.o
                              0xcd8ee (size before relaxing)
 .debug_str     0x000ce7f2       0xdb ./Core/Src/system_stm32f4xx.o
                              0xc971d (size before relaxing)
 .debug_str     0x000ce8cd       0x44 ./Core/Startup/startup_stm32f446retx.o
                                 0x88 (size before relaxing)
 .debug_str     0x000ce911      0x617 ./Drivers/STM32F4xx_HAL_Driver/Src/stm32f4xx_hal.o
                              0xca2e2 (size before relaxing)
 .debug_str     0x000cef28      0x33a ./Drivers/STM32F4xx_HAL_Driver/Src/stm32f4xx_hal_cortex.o
                              0xca007 (size before relaxing)
 .debug_str     0x000cf262      0x323 ./Drivers/STM32F4xx_HAL_Driver/Src/stm32f4xx_hal_dma.o
                              0xc9b12 (size before relaxing)
 .debug_str     0x000cf585      0x10e ./Drivers/STM32F4xx_HAL_Driver/Src/stm32f4xx_hal_gpio.o
                              0xc9898 (size before relaxing)
 .debug_str     0x000cf693      0x135 ./Drivers/STM32F4xx_HAL_Driver/Src/stm32f4xx_hal_pwr_ex.o
                              0xc98f5 (size before relaxing)
 .debug_str     0x000cf7c8      0x233 ./Drivers/STM32F4xx_HAL_Driver/Src/stm32f4xx_hal_rcc.o
                              0xc9b56 (size before relaxing)
 .debug_str     0x000cf9fb      0x31c ./Drivers/STM32F4xx_HAL_Driver/Src/stm32f4xx_hal_rcc_ex.o
                              0xc9b89 (size before relaxing)
 .debug_str     0x000cfd17      0xdad ./Drivers/STM32F4xx_HAL_Driver/Src/stm32f4xx_hal_tim.o
                              0xcaa82 (size before relaxing)
 .debug_str     0x000d0ac4      0x503 ./Drivers/STM32F4xx_HAL_Driver/Src/stm32f4xx_hal_tim_ex.o
                              0xca28e (size before relaxing)
 .debug_str     0x000d0fc7      0x5c5 ./Drivers/STM32F4xx_HAL_Driver/Src/stm32f4xx_hal_uart.o
                              0xca10d (size before relaxing)
 .debug_str     0x000d158c      0x164 ./TextualProtocol/Src/textualProtocol.o
                              0xcda8f (size before relaxing)

.comment        0x00000000       0x43
 .comment       0x00000000       0x43 ./App/Src/app.o
                                 0x44 (size before relaxing)
 .comment       0x00000043       0x44 ./App/Src/blinkLed.o
 .comment       0x00000043       0x44 ./Core/Src/main.o
 .comment       0x00000043       0x44 ./Core/Src/stm32f4xx_hal_msp.o
 .comment       0x00000043       0x44 ./Core/Src/stm32f4xx_it.o
 .comment       0x00000043       0x44 ./Core/Src/system_stm32f4xx.o
 .comment       0x00000043       0x44 ./Drivers/STM32F4xx_HAL_Driver/Src/stm32f4xx_hal.o
 .comment       0x00000043       0x44 ./Drivers/STM32F4xx_HAL_Driver/Src/stm32f4xx_hal_cortex.o
 .comment       0x00000043       0x44 ./Drivers/STM32F4xx_HAL_Driver/Src/stm32f4xx_hal_dma.o
 .comment       0x00000043       0x44 ./Drivers/STM32F4xx_HAL_Driver/Src/stm32f4xx_hal_gpio.o
 .comment       0x00000043       0x44 ./Drivers/STM32F4xx_HAL_Driver/Src/stm32f4xx_hal_pwr_ex.o
 .comment       0x00000043       0x44 ./Drivers/STM32F4xx_HAL_Driver/Src/stm32f4xx_hal_rcc.o
 .comment       0x00000043       0x44 ./Drivers/STM32F4xx_HAL_Driver/Src/stm32f4xx_hal_rcc_ex.o
 .comment       0x00000043       0x44 ./Drivers/STM32F4xx_HAL_Driver/Src/stm32f4xx_hal_tim.o
 .comment       0x00000043       0x44 ./Drivers/STM32F4xx_HAL_Driver/Src/stm32f4xx_hal_tim_ex.o
 .comment       0x00000043       0x44 ./Drivers/STM32F4xx_HAL_Driver/Src/stm32f4xx_hal_uart.o
 .comment       0x00000043       0x44 ./TextualProtocol/Src/textualProtocol.o

.debug_frame    0x00000000     0x3dcc
 .debug_frame   0x00000000      0x1ac ./App/Src/app.o
 .debug_frame   0x000001ac      0x148 ./App/Src/blinkLed.o
 .debug_frame   0x000002f4      0x11c ./Core/Src/main.o
 .debug_frame   0x00000410       0xc8 ./Core/Src/stm32f4xx_hal_msp.o
 .debug_frame   0x000004d8      0x13c ./Core/Src/stm32f4xx_it.o
 .debug_frame   0x00000614       0x58 ./Core/Src/system_stm32f4xx.o
 .debug_frame   0x0000066c      0x374 ./Drivers/STM32F4xx_HAL_Driver/Src/stm32f4xx_hal.o
 .debug_frame   0x000009e0      0x4b8 ./Drivers/STM32F4xx_HAL_Driver/Src/stm32f4xx_hal_cortex.o
 .debug_frame   0x00000e98      0x250 ./Drivers/STM32F4xx_HAL_Driver/Src/stm32f4xx_hal_dma.o
 .debug_frame   0x000010e8      0x14c ./Drivers/STM32F4xx_HAL_Driver/Src/stm32f4xx_hal_gpio.o
 .debug_frame   0x00001234      0x14c ./Drivers/STM32F4xx_HAL_Driver/Src/stm32f4xx_hal_pwr_ex.o
 .debug_frame   0x00001380      0x1f4 ./Drivers/STM32F4xx_HAL_Driver/Src/stm32f4xx_hal_rcc.o
 .debug_frame   0x00001574      0x1e8 ./Drivers/STM32F4xx_HAL_Driver/Src/stm32f4xx_hal_rcc_ex.o
 .debug_frame   0x0000175c     0x11c0 ./Drivers/STM32F4xx_HAL_Driver/Src/stm32f4xx_hal_tim.o
 .debug_frame   0x0000291c      0x638 ./Drivers/STM32F4xx_HAL_Driver/Src/stm32f4xx_hal_tim_ex.o
 .debug_frame   0x00002f54      0x954 ./Drivers/STM32F4xx_HAL_Driver/Src/stm32f4xx_hal_uart.o
 .debug_frame   0x000038a8      0x258 ./TextualProtocol/Src/textualProtocol.o
 .debug_frame   0x00003b00       0x30 C:/ST/STM32CubeIDE_1.9.0/STM32CubeIDE/plugins/com.st.stm32cube.ide.mcu.externaltools.gnu-tools-for-stm32.12.3.rel1.win32_1.0.200.202406191623/tools/bin/../lib/gcc/arm-none-eabi/12.3.1/../../../../arm-none-eabi/lib/thumb/v7e-m+fp/hard\libc_nano.a(libc_a-atoi.o)
 .debug_frame   0x00003b30       0x64 C:/ST/STM32CubeIDE_1.9.0/STM32CubeIDE/plugins/com.st.stm32cube.ide.mcu.externaltools.gnu-tools-for-stm32.12.3.rel1.win32_1.0.200.202406191623/tools/bin/../lib/gcc/arm-none-eabi/12.3.1/../../../../arm-none-eabi/lib/thumb/v7e-m+fp/hard\libc_nano.a(libc_a-strtol.o)
 .debug_frame   0x00003b94      0x144 C:/ST/STM32CubeIDE_1.9.0/STM32CubeIDE/plugins/com.st.stm32cube.ide.mcu.externaltools.gnu-tools-for-stm32.12.3.rel1.win32_1.0.200.202406191623/tools/bin/../lib/gcc/arm-none-eabi/12.3.1/../../../../arm-none-eabi/lib/thumb/v7e-m+fp/hard\libc_nano.a(libc_a-findfp.o)
 .debug_frame   0x00003cd8       0x20 C:/ST/STM32CubeIDE_1.9.0/STM32CubeIDE/plugins/com.st.stm32cube.ide.mcu.externaltools.gnu-tools-for-stm32.12.3.rel1.win32_1.0.200.202406191623/tools/bin/../lib/gcc/arm-none-eabi/12.3.1/../../../../arm-none-eabi/lib/thumb/v7e-m+fp/hard\libc_nano.a(libc_a-memset.o)
 .debug_frame   0x00003cf8       0x20 C:/ST/STM32CubeIDE_1.9.0/STM32CubeIDE/plugins/com.st.stm32cube.ide.mcu.externaltools.gnu-tools-for-stm32.12.3.rel1.win32_1.0.200.202406191623/tools/bin/../lib/gcc/arm-none-eabi/12.3.1/../../../../arm-none-eabi/lib/thumb/v7e-m+fp/hard\libc_nano.a(libc_a-errno.o)
 .debug_frame   0x00003d18       0x2c C:/ST/STM32CubeIDE_1.9.0/STM32CubeIDE/plugins/com.st.stm32cube.ide.mcu.externaltools.gnu-tools-for-stm32.12.3.rel1.win32_1.0.200.202406191623/tools/bin/../lib/gcc/arm-none-eabi/12.3.1/../../../../arm-none-eabi/lib/thumb/v7e-m+fp/hard\libc_nano.a(libc_a-init.o)
 .debug_frame   0x00003d44       0x28 C:/ST/STM32CubeIDE_1.9.0/STM32CubeIDE/plugins/com.st.stm32cube.ide.mcu.externaltools.gnu-tools-for-stm32.12.3.rel1.win32_1.0.200.202406191623/tools/bin/../lib/gcc/arm-none-eabi/12.3.1/../../../../arm-none-eabi/lib/thumb/v7e-m+fp/hard\libc_nano.a(libc_a-memcpy-stub.o)
 .debug_frame   0x00003d6c       0x2c C:/ST/STM32CubeIDE_1.9.0/STM32CubeIDE/plugins/com.st.stm32cube.ide.mcu.externaltools.gnu-tools-for-stm32.12.3.rel1.win32_1.0.200.202406191623/tools/bin/../lib/gcc/arm-none-eabi/12.3.1/thumb/v7e-m+fp/hard\libgcc.a(_aeabi_uldivmod.o)
 .debug_frame   0x00003d98       0x34 C:/ST/STM32CubeIDE_1.9.0/STM32CubeIDE/plugins/com.st.stm32cube.ide.mcu.externaltools.gnu-tools-for-stm32.12.3.rel1.win32_1.0.200.202406191623/tools/bin/../lib/gcc/arm-none-eabi/12.3.1/thumb/v7e-m+fp/hard\libgcc.a(_udivmoddi4.o)

.debug_line_str
                0x00000000       0x6c
 .debug_line_str
                0x00000000       0x6c ./Core/Startup/startup_stm32f446retx.o
