../TextualProtocol/Src/textualProtocol.c:17:6:textualProtocolInit	16	static
../TextualProtocol/Src/textualProtocol.c:27:6:textualProtocolAppendByte	16	static
../TextualProtocol/Src/textualProtocol.c:61:6:textualProtocolClear	24	static
../TextualProtocol/Src/textualProtocol.c:133:6:textualProtocolSendStatusMessage	16	static
../TextualProtocol/Src/textualProtocol.c:158:6:textualProtocolSendNewLine	16	static
../TextualProtocol/Src/textualProtocol.c:163:6:textualProtocolExtractData	16	static
../TextualProtocol/Src/textualProtocol.c:187:6:textualProtocolExtractCommand	24	static
../TextualProtocol/Src/textualProtocol.c:222:6:textualProtocolDecodeExtractedCommand	32	static
../TextualProtocol/Src/textualProtocol.c:271:6:textualProtocolFindDelimiters	24	static
../TextualProtocol/Src/textualProtocol.c:290:6:textualProtocolExtractValues	24	static
../TextualProtocol/Src/textualProtocol.c:310:6:textualProtocolPrintCurrentData	64	static
../TextualProtocol/Src/textualProtocol.c:343:6:textualProtocolGetEchoEnable	16	static
../TextualProtocol/Src/textualProtocol.c:348:32:textualProtocolGetCommandStatus	16	static
