../TextualProtocol/Src/textualProtocol.c:17:6:textualProtocolInit	16	static
../TextualProtocol/Src/textualProtocol.c:27:6:textualProtocolAppendByte	16	static
../TextualProtocol/Src/textualProtocol.c:61:6:textualProtocolClear	24	static
../TextualProtocol/Src/textualProtocol.c:126:6:textualProtocolSendStatusMessage	16	static
../TextualProtocol/Src/textualProtocol.c:151:6:textualProtocolSendNewLine	16	static
../TextualProtocol/Src/textualProtocol.c:156:6:textualProtocolExtractData	16	static
../TextualProtocol/Src/textualProtocol.c:180:6:textualProtocolExtractCommand	24	static
../TextualProtocol/Src/textualProtocol.c:215:6:textualProtocolDecodeExtractedCommand	32	static
../TextualProtocol/Src/textualProtocol.c:262:6:textualProtocolFindDelimiters	24	static
../TextualProtocol/Src/textualProtocol.c:281:6:textualProtocolExtractValues	24	static
../TextualProtocol/Src/textualProtocol.c:301:6:textualProtocolPrintCurrentData	64	static
../TextualProtocol/Src/textualProtocol.c:334:6:textualProtocolGetEchoEnable	16	static
